<?xml version="1.0" encoding="ISO-8859-1" ?>
<link_info>
   <banner>TMS320C6x Linker PC v8.5.0.LTS</banner>
   <copyright>Copyright (c) 1996-2018 Texas Instruments Incorporated</copyright>
   <command_line>D:\SoftwareDownload\CCS_20.5.0.00028_win\ccs\tools\compiler\ti-cgt-c6000_8.5.0.LTS\bin\lnk6x.exe -lC:\\Users\\ZHANGY~1\\AppData\\Local\\Temp\\{7C88469A-7255-42DB-BA89-C36E32710B0A}</command_line>
   <link_time>0x6a571fe8</link_time>
   <link_errors>0x0</link_errors>
   <output_file>C:\Users\zhangyueqian\lab8\DSP_LAB_0507\Debug\DSP_LAB_0507.out</output_file>
   <entry_point>
      <name>_c_int00</name>
      <address>0xc00d9360</address>
   </entry_point>
   <input_file_list>
      <input_file id="fl-2">
         <path>C:\Users\zhangyueqian\lab8\DSP_LAB_0507\Debug\.\Code\Driver\00_sys\</path>
         <kind>object</kind>
         <file>system.obj</file>
         <name>system.obj</name>
      </input_file>
      <input_file id="fl-3">
         <path>C:\Users\zhangyueqian\lab8\DSP_LAB_0507\Debug\.\Code\Driver\01_led\</path>
         <kind>object</kind>
         <file>led_drv.obj</file>
         <name>led_drv.obj</name>
      </input_file>
      <input_file id="fl-4">
         <path>C:\Users\zhangyueqian\lab8\DSP_LAB_0507\Debug\.\Code\Driver\01_led\</path>
         <kind>object</kind>
         <file>led_pin.obj</file>
         <name>led_pin.obj</name>
      </input_file>
      <input_file id="fl-5">
         <path>C:\Users\zhangyueqian\lab8\DSP_LAB_0507\Debug\.\Code\Driver\02_key\</path>
         <kind>object</kind>
         <file>key_drv.obj</file>
         <name>key_drv.obj</name>
      </input_file>
      <input_file id="fl-6">
         <path>C:\Users\zhangyueqian\lab8\DSP_LAB_0507\Debug\.\Code\Driver\02_key\</path>
         <kind>object</kind>
         <file>key_pin.obj</file>
         <name>key_pin.obj</name>
      </input_file>
      <input_file id="fl-7">
         <path>C:\Users\zhangyueqian\lab8\DSP_LAB_0507\Debug\.\Code\Driver\03_timer\</path>
         <kind>object</kind>
         <file>timer_drv.obj</file>
         <name>timer_drv.obj</name>
      </input_file>
      <input_file id="fl-8">
         <path>C:\Users\zhangyueqian\lab8\DSP_LAB_0507\Debug\.\Code\Driver\04_adc\</path>
         <kind>object</kind>
         <file>adc_api.obj</file>
         <name>adc_api.obj</name>
      </input_file>
      <input_file id="fl-9">
         <path>C:\Users\zhangyueqian\lab8\DSP_LAB_0507\Debug\.\Code\Driver\04_adc\</path>
         <kind>object</kind>
         <file>adc_drv.obj</file>
         <name>adc_drv.obj</name>
      </input_file>
      <input_file id="fl-a">
         <path>C:\Users\zhangyueqian\lab8\DSP_LAB_0507\Debug\.\Code\Driver\04_adc\</path>
         <kind>object</kind>
         <file>adc_edma.obj</file>
         <name>adc_edma.obj</name>
      </input_file>
      <input_file id="fl-b">
         <path>C:\Users\zhangyueqian\lab8\DSP_LAB_0507\Debug\.\Code\Driver\04_adc\</path>
         <kind>object</kind>
         <file>adc_emif.obj</file>
         <name>adc_emif.obj</name>
      </input_file>
      <input_file id="fl-c">
         <path>C:\Users\zhangyueqian\lab8\DSP_LAB_0507\Debug\.\Code\Driver\04_adc\</path>
         <kind>object</kind>
         <file>adc_pin.obj</file>
         <name>adc_pin.obj</name>
      </input_file>
      <input_file id="fl-d">
         <path>C:\Users\zhangyueqian\lab8\DSP_LAB_0507\Debug\.\Code\Driver\04_adc\</path>
         <kind>object</kind>
         <file>adc_pru.obj</file>
         <name>adc_pru.obj</name>
      </input_file>
      <input_file id="fl-e">
         <path>C:\Users\zhangyueqian\lab8\DSP_LAB_0507\Debug\.\Code\Driver\04_adc\</path>
         <kind>object</kind>
         <file>adc_tim1.obj</file>
         <name>adc_tim1.obj</name>
      </input_file>
      <input_file id="fl-f">
         <path>C:\Users\zhangyueqian\lab8\DSP_LAB_0507\Debug\.\Code\Driver\05_dac\</path>
         <kind>object</kind>
         <file>dac_api.obj</file>
         <name>dac_api.obj</name>
      </input_file>
      <input_file id="fl-10">
         <path>C:\Users\zhangyueqian\lab8\DSP_LAB_0507\Debug\.\Code\Driver\05_dac\</path>
         <kind>object</kind>
         <file>dac_drv.obj</file>
         <name>dac_drv.obj</name>
      </input_file>
      <input_file id="fl-11">
         <path>C:\Users\zhangyueqian\lab8\DSP_LAB_0507\Debug\.\Code\Driver\05_dac\</path>
         <kind>object</kind>
         <file>dac_pin.obj</file>
         <name>dac_pin.obj</name>
      </input_file>
      <input_file id="fl-12">
         <path>C:\Users\zhangyueqian\lab8\DSP_LAB_0507\Debug\.\Code\Driver\05_dac\</path>
         <kind>object</kind>
         <file>dac_pru.obj</file>
         <name>dac_pru.obj</name>
      </input_file>
      <input_file id="fl-13">
         <path>C:\Users\zhangyueqian\lab8\DSP_LAB_0507\Debug\.\Code\Driver\05_dac\</path>
         <kind>object</kind>
         <file>dac_tim1.obj</file>
         <name>dac_tim1.obj</name>
      </input_file>
      <input_file id="fl-14">
         <path>C:\Users\zhangyueqian\lab8\DSP_LAB_0507\Debug\.\Code\Driver\06_uart\</path>
         <kind>object</kind>
         <file>uart2_drv.obj</file>
         <name>uart2_drv.obj</name>
      </input_file>
      <input_file id="fl-15">
         <path>C:\Users\zhangyueqian\lab8\DSP_LAB_0507\Debug\.\Code\Driver\06_uart\</path>
         <kind>object</kind>
         <file>uart2_pin.obj</file>
         <name>uart2_pin.obj</name>
      </input_file>
      <input_file id="fl-16">
         <path>C:\Users\zhangyueqian\lab8\DSP_LAB_0507\Debug\.\Code\Driver\07_rs485\</path>
         <kind>object</kind>
         <file>rs485_drv.obj</file>
         <name>rs485_drv.obj</name>
      </input_file>
      <input_file id="fl-17">
         <path>C:\Users\zhangyueqian\lab8\DSP_LAB_0507\Debug\.\Code\Driver\07_rs485\</path>
         <kind>object</kind>
         <file>rs485_pin.obj</file>
         <name>rs485_pin.obj</name>
      </input_file>
      <input_file id="fl-18">
         <path>C:\Users\zhangyueqian\lab8\DSP_LAB_0507\Debug\.\Code\Driver\07_rs485\</path>
         <kind>object</kind>
         <file>uart1_drv.obj</file>
         <name>uart1_drv.obj</name>
      </input_file>
      <input_file id="fl-19">
         <path>C:\Users\zhangyueqian\lab8\DSP_LAB_0507\Debug\.\Code\Driver\07_rs485\</path>
         <kind>object</kind>
         <file>uart1_pin.obj</file>
         <name>uart1_pin.obj</name>
      </input_file>
      <input_file id="fl-1a">
         <path>C:\Users\zhangyueqian\lab8\DSP_LAB_0507\Debug\.\Code\Driver\09_flash\</path>
         <kind>object</kind>
         <file>flash.obj</file>
         <name>flash.obj</name>
      </input_file>
      <input_file id="fl-1b">
         <path>C:\Users\zhangyueqian\lab8\DSP_LAB_0507\Debug\.\Code\Driver\10_eeprom\</path>
         <kind>object</kind>
         <file>eeprom.obj</file>
         <name>eeprom.obj</name>
      </input_file>
      <input_file id="fl-1c">
         <path>C:\Users\zhangyueqian\lab8\DSP_LAB_0507\Debug\.\Code\Driver\11_lcd\</path>
         <kind>object</kind>
         <file>lcd_ctrl.obj</file>
         <name>lcd_ctrl.obj</name>
      </input_file>
      <input_file id="fl-1d">
         <path>C:\Users\zhangyueqian\lab8\DSP_LAB_0507\Debug\.\Code\Driver\11_lcd\</path>
         <kind>object</kind>
         <file>lcd_dma.obj</file>
         <name>lcd_dma.obj</name>
      </input_file>
      <input_file id="fl-1e">
         <path>C:\Users\zhangyueqian\lab8\DSP_LAB_0507\Debug\.\Code\Driver\11_lcd\</path>
         <kind>object</kind>
         <file>lcd_drv.obj</file>
         <name>lcd_drv.obj</name>
      </input_file>
      <input_file id="fl-1f">
         <path>C:\Users\zhangyueqian\lab8\DSP_LAB_0507\Debug\.\Code\Driver\11_lcd\</path>
         <kind>object</kind>
         <file>lcd_grlib.obj</file>
         <name>lcd_grlib.obj</name>
      </input_file>
      <input_file id="fl-20">
         <path>C:\Users\zhangyueqian\lab8\DSP_LAB_0507\Debug\.\Code\Driver\11_lcd\</path>
         <kind>object</kind>
         <file>lcd_pin.obj</file>
         <name>lcd_pin.obj</name>
      </input_file>
      <input_file id="fl-21">
         <path>C:\Users\zhangyueqian\lab8\DSP_LAB_0507\Debug\.\Code\Driver\11_lcd\</path>
         <kind>object</kind>
         <file>lcd_raster.obj</file>
         <name>lcd_raster.obj</name>
      </input_file>
      <input_file id="fl-22">
         <path>C:\Users\zhangyueqian\lab8\DSP_LAB_0507\Debug\.\Code\Driver\11_lcd\</path>
         <kind>object</kind>
         <file>lcd_widget.obj</file>
         <name>lcd_widget.obj</name>
      </input_file>
      <input_file id="fl-23">
         <path>C:\Users\zhangyueqian\lab8\DSP_LAB_0507\Debug\.\Code\Driver\12_touch\</path>
         <kind>object</kind>
         <file>touch_btn.obj</file>
         <name>touch_btn.obj</name>
      </input_file>
      <input_file id="fl-24">
         <path>C:\Users\zhangyueqian\lab8\DSP_LAB_0507\Debug\.\Code\Driver\12_touch\</path>
         <kind>object</kind>
         <file>touch_drv.obj</file>
         <name>touch_drv.obj</name>
      </input_file>
      <input_file id="fl-25">
         <path>C:\Users\zhangyueqian\lab8\DSP_LAB_0507\Debug\.\Code\Driver\12_touch\</path>
         <kind>object</kind>
         <file>touch_pin.obj</file>
         <name>touch_pin.obj</name>
      </input_file>
      <input_file id="fl-26">
         <path>C:\Users\zhangyueqian\lab8\DSP_LAB_0507\Debug\.\Code\Driver\12_touch\</path>
         <kind>object</kind>
         <file>touch_scan.obj</file>
         <name>touch_scan.obj</name>
      </input_file>
      <input_file id="fl-27">
         <path>C:\Users\zhangyueqian\lab8\DSP_LAB_0507\Debug\.\Code\Driver\20_platform\</path>
         <kind>object</kind>
         <file>edma.obj</file>
         <name>edma.obj</name>
      </input_file>
      <input_file id="fl-28">
         <path>C:\Users\zhangyueqian\lab8\DSP_LAB_0507\Debug\.\Code\Driver\20_platform\</path>
         <kind>object</kind>
         <file>ehrpwm.obj</file>
         <name>ehrpwm.obj</name>
      </input_file>
      <input_file id="fl-29">
         <path>C:\Users\zhangyueqian\lab8\DSP_LAB_0507\Debug\.\Code\Driver\20_platform\</path>
         <kind>object</kind>
         <file>emac.obj</file>
         <name>emac.obj</name>
      </input_file>
      <input_file id="fl-2a">
         <path>C:\Users\zhangyueqian\lab8\DSP_LAB_0507\Debug\.\Code\Driver\20_platform\</path>
         <kind>object</kind>
         <file>emifa.obj</file>
         <name>emifa.obj</name>
      </input_file>
      <input_file id="fl-2b">
         <path>C:\Users\zhangyueqian\lab8\DSP_LAB_0507\Debug\.\Code\Driver\20_platform\</path>
         <kind>object</kind>
         <file>gpio.obj</file>
         <name>gpio.obj</name>
      </input_file>
      <input_file id="fl-2c">
         <path>C:\Users\zhangyueqian\lab8\DSP_LAB_0507\Debug\.\Code\Driver\20_platform\</path>
         <kind>object</kind>
         <file>i2c.obj</file>
         <name>i2c.obj</name>
      </input_file>
      <input_file id="fl-2d">
         <path>C:\Users\zhangyueqian\lab8\DSP_LAB_0507\Debug\.\Code\Driver\20_platform\</path>
         <kind>object</kind>
         <file>lcd.obj</file>
         <name>lcd.obj</name>
      </input_file>
      <input_file id="fl-2e">
         <path>C:\Users\zhangyueqian\lab8\DSP_LAB_0507\Debug\.\Code\Driver\20_platform\</path>
         <kind>object</kind>
         <file>lidd.obj</file>
         <name>lidd.obj</name>
      </input_file>
      <input_file id="fl-2f">
         <path>C:\Users\zhangyueqian\lab8\DSP_LAB_0507\Debug\.\Code\Driver\20_platform\</path>
         <kind>object</kind>
         <file>mcasp.obj</file>
         <name>mcasp.obj</name>
      </input_file>
      <input_file id="fl-30">
         <path>C:\Users\zhangyueqian\lab8\DSP_LAB_0507\Debug\.\Code\Driver\20_platform\</path>
         <kind>object</kind>
         <file>rtc.obj</file>
         <name>rtc.obj</name>
      </input_file>
      <input_file id="fl-31">
         <path>C:\Users\zhangyueqian\lab8\DSP_LAB_0507\Debug\.\Code\Driver\20_platform\</path>
         <kind>object</kind>
         <file>spi.obj</file>
         <name>spi.obj</name>
      </input_file>
      <input_file id="fl-32">
         <path>C:\Users\zhangyueqian\lab8\DSP_LAB_0507\Debug\.\Code\Driver\20_platform\</path>
         <kind>object</kind>
         <file>syscfg.obj</file>
         <name>syscfg.obj</name>
      </input_file>
      <input_file id="fl-33">
         <path>C:\Users\zhangyueqian\lab8\DSP_LAB_0507\Debug\.\Code\Driver\20_platform\</path>
         <kind>object</kind>
         <file>sysdelay.obj</file>
         <name>sysdelay.obj</name>
      </input_file>
      <input_file id="fl-34">
         <path>C:\Users\zhangyueqian\lab8\DSP_LAB_0507\Debug\.\Code\Driver\20_platform\</path>
         <kind>object</kind>
         <file>timertick.obj</file>
         <name>timertick.obj</name>
      </input_file>
      <input_file id="fl-35">
         <path>C:\Users\zhangyueqian\lab8\DSP_LAB_0507\Debug\.\Code\Driver\20_platform\</path>
         <kind>object</kind>
         <file>uart.obj</file>
         <name>uart.obj</name>
      </input_file>
      <input_file id="fl-36">
         <path>C:\Users\zhangyueqian\lab8\DSP_LAB_0507\Debug\.\Code\Driver\20_platform\</path>
         <kind>object</kind>
         <file>uartConsole.obj</file>
         <name>uartConsole.obj</name>
      </input_file>
      <input_file id="fl-37">
         <path>C:\Users\zhangyueqian\lab8\DSP_LAB_0507\Debug\.\Code\Driver\20_platform\</path>
         <kind>object</kind>
         <file>usb.obj</file>
         <name>usb.obj</name>
      </input_file>
      <input_file id="fl-38">
         <path>C:\Users\zhangyueqian\lab8\DSP_LAB_0507\Debug\.\Code\Driver\20_platform\</path>
         <kind>object</kind>
         <file>vpif.obj</file>
         <name>vpif.obj</name>
      </input_file>
      <input_file id="fl-39">
         <path>C:\Users\zhangyueqian\lab8\DSP_LAB_0507\Debug\.\Code\Driver\21_edma\</path>
         <kind>object</kind>
         <file>edma0_common.obj</file>
         <name>edma0_common.obj</name>
      </input_file>
      <input_file id="fl-3a">
         <path>C:\Users\zhangyueqian\lab8\DSP_LAB_0507\Debug\.\Code\Driver\21_edma\</path>
         <kind>object</kind>
         <file>edma1_common.obj</file>
         <name>edma1_common.obj</name>
      </input_file>
      <input_file id="fl-3b">
         <path>C:\Users\zhangyueqian\lab8\DSP_LAB_0507\Debug\.\Code\Driver\22_spi\</path>
         <kind>object</kind>
         <file>sys_spi.obj</file>
         <name>sys_spi.obj</name>
      </input_file>
      <input_file id="fl-3c">
         <path>C:\Users\zhangyueqian\lab8\DSP_LAB_0507\Debug\.\Code\Driver\23_iic\</path>
         <kind>object</kind>
         <file>sys_iic.obj</file>
         <name>sys_iic.obj</name>
      </input_file>
      <input_file id="fl-3d">
         <path>C:\Users\zhangyueqian\lab8\DSP_LAB_0507\Debug\.\Code\User\user_driver\01_led\</path>
         <kind>object</kind>
         <file>user_led.obj</file>
         <name>user_led.obj</name>
      </input_file>
      <input_file id="fl-3e">
         <path>C:\Users\zhangyueqian\lab8\DSP_LAB_0507\Debug\.\Code\User\user_driver\02_key\</path>
         <kind>object</kind>
         <file>user_key.obj</file>
         <name>user_key.obj</name>
      </input_file>
      <input_file id="fl-3f">
         <path>C:\Users\zhangyueqian\lab8\DSP_LAB_0507\Debug\.\Code\User\user_driver\03_timer\</path>
         <kind>object</kind>
         <file>user_timer.obj</file>
         <name>user_timer.obj</name>
      </input_file>
      <input_file id="fl-40">
         <path>C:\Users\zhangyueqian\lab8\DSP_LAB_0507\Debug\.\Code\User\user_driver\04_adc\</path>
         <kind>object</kind>
         <file>user_adc.obj</file>
         <name>user_adc.obj</name>
      </input_file>
      <input_file id="fl-41">
         <path>C:\Users\zhangyueqian\lab8\DSP_LAB_0507\Debug\.\Code\User\user_driver\05_dac\</path>
         <kind>object</kind>
         <file>user_dac.obj</file>
         <name>user_dac.obj</name>
      </input_file>
      <input_file id="fl-42">
         <path>C:\Users\zhangyueqian\lab8\DSP_LAB_0507\Debug\.\Code\User\user_driver\06_uart\</path>
         <kind>object</kind>
         <file>user_uart.obj</file>
         <name>user_uart.obj</name>
      </input_file>
      <input_file id="fl-43">
         <path>C:\Users\zhangyueqian\lab8\DSP_LAB_0507\Debug\.\Code\User\user_driver\07_rs485\</path>
         <kind>object</kind>
         <file>user_rs485.obj</file>
         <name>user_rs485.obj</name>
      </input_file>
      <input_file id="fl-44">
         <path>C:\Users\zhangyueqian\lab8\DSP_LAB_0507\Debug\.\Code\User\user_driver\09_flash\</path>
         <kind>object</kind>
         <file>user_flash.obj</file>
         <name>user_flash.obj</name>
      </input_file>
      <input_file id="fl-45">
         <path>C:\Users\zhangyueqian\lab8\DSP_LAB_0507\Debug\.\Code\User\user_driver\10_eeprom\</path>
         <kind>object</kind>
         <file>user_eeprom.obj</file>
         <name>user_eeprom.obj</name>
      </input_file>
      <input_file id="fl-46">
         <path>C:\Users\zhangyueqian\lab8\DSP_LAB_0507\Debug\.\Code\User\user_driver\11_lcd\</path>
         <kind>object</kind>
         <file>user_lcd.obj</file>
         <name>user_lcd.obj</name>
      </input_file>
      <input_file id="fl-47">
         <path>C:\Users\zhangyueqian\lab8\DSP_LAB_0507\Debug\.\Code\User\user_driver\12_touch\</path>
         <kind>object</kind>
         <file>user_touch.obj</file>
         <name>user_touch.obj</name>
      </input_file>
      <input_file id="fl-48">
         <path>C:\Users\zhangyueqian\lab8\DSP_LAB_0507\Debug\.\Code\User\user_driver\20_adda\</path>
         <kind>object</kind>
         <file>user_adda.obj</file>
         <name>user_adda.obj</name>
      </input_file>
      <input_file id="fl-49">
         <path>C:\Users\zhangyueqian\lab8\DSP_LAB_0507\Debug\.\Code\User\user_driver\20_adda\</path>
         <kind>object</kind>
         <file>user_adda2.obj</file>
         <name>user_adda2.obj</name>
      </input_file>
      <input_file id="fl-4a">
         <path>C:\Users\zhangyueqian\lab8\DSP_LAB_0507\Debug\.\Code\User\user_dsp\</path>
         <kind>object</kind>
         <file>user_equalizer.obj</file>
         <name>user_equalizer.obj</name>
      </input_file>
      <input_file id="fl-4b">
         <path>C:\Users\zhangyueqian\lab8\DSP_LAB_0507\Debug\.\Code\User\user_dsp\</path>
         <kind>object</kind>
         <file>user_equalizer_control.obj</file>
         <name>user_equalizer_control.obj</name>
      </input_file>
      <input_file id="fl-4c">
         <path>C:\Users\zhangyueqian\lab8\DSP_LAB_0507\Debug\.\Code\User\user_dsp\</path>
         <kind>object</kind>
         <file>user_equalizer_display.obj</file>
         <name>user_equalizer_display.obj</name>
      </input_file>
      <input_file id="fl-4d">
         <path>C:\Users\zhangyueqian\lab8\DSP_LAB_0507\Debug\.\Code\User\user_dsp\</path>
         <kind>object</kind>
         <file>user_equalizer_eval.obj</file>
         <name>user_equalizer_eval.obj</name>
      </input_file>
      <input_file id="fl-4e">
         <path>C:\Users\zhangyueqian\lab8\DSP_LAB_0507\Debug\.\Code\User\user_dsp\</path>
         <kind>object</kind>
         <file>user_equalizer_flow.obj</file>
         <name>user_equalizer_flow.obj</name>
      </input_file>
      <input_file id="fl-4f">
         <path>C:\Users\zhangyueqian\lab8\DSP_LAB_0507\Debug\.\Code\User\user_dsp\</path>
         <kind>object</kind>
         <file>user_equalizer_response.obj</file>
         <name>user_equalizer_response.obj</name>
      </input_file>
      <input_file id="fl-50">
         <path>C:\Users\zhangyueqian\lab8\DSP_LAB_0507\Debug\.\Code\User\user_dsp\</path>
         <kind>object</kind>
         <file>user_subband_audio_compare.obj</file>
         <name>user_subband_audio_compare.obj</name>
      </input_file>
      <input_file id="fl-51">
         <path>C:\Users\zhangyueqian\lab8\DSP_LAB_0507\Debug\.\Code\User\user_dsp\</path>
         <kind>object</kind>
         <file>user_subband_codec.obj</file>
         <name>user_subband_codec.obj</name>
      </input_file>
      <input_file id="fl-52">
         <path>C:\Users\zhangyueqian\lab8\DSP_LAB_0507\Debug\.\Code\User\user_dsp\</path>
         <kind>object</kind>
         <file>user_subband_codec_eval.obj</file>
         <name>user_subband_codec_eval.obj</name>
      </input_file>
      <input_file id="fl-53">
         <path>C:\Users\zhangyueqian\lab8\DSP_LAB_0507\Debug\.\Code\User\user_dsp\</path>
         <kind>object</kind>
         <file>user_subband_codec_loopback.obj</file>
         <name>user_subband_codec_loopback.obj</name>
      </input_file>
      <input_file id="fl-54">
         <path>C:\Users\zhangyueqian\lab8\DSP_LAB_0507\Debug\.\Code\User\user_dsp\</path>
         <kind>object</kind>
         <file>user_subband_codec_loopback_eval.obj</file>
         <name>user_subband_codec_loopback_eval.obj</name>
      </input_file>
      <input_file id="fl-55">
         <path>C:\Users\zhangyueqian\lab8\DSP_LAB_0507\Debug\.\Code\User\user_dsp\</path>
         <kind>object</kind>
         <file>user_subband_denoise.obj</file>
         <name>user_subband_denoise.obj</name>
      </input_file>
      <input_file id="fl-56">
         <path>C:\Users\zhangyueqian\lab8\DSP_LAB_0507\Debug\.\Code\User\user_dsp\</path>
         <kind>object</kind>
         <file>user_subband_denoise_mcra_eval.obj</file>
         <name>user_subband_denoise_mcra_eval.obj</name>
      </input_file>
      <input_file id="fl-57">
         <path>C:\Users\zhangyueqian\lab8\DSP_LAB_0507\Debug\.\Code\User\user_dsp\</path>
         <kind>object</kind>
         <file>user_subband_denoise_ms_eval.obj</file>
         <name>user_subband_denoise_ms_eval.obj</name>
      </input_file>
      <input_file id="fl-58">
         <path>C:\Users\zhangyueqian\lab8\DSP_LAB_0507\Debug\.\Code\User\user_dsp\</path>
         <kind>object</kind>
         <file>user_subband_eval.obj</file>
         <name>user_subband_eval.obj</name>
      </input_file>
      <input_file id="fl-59">
         <path>C:\Users\zhangyueqian\lab8\DSP_LAB_0507\Debug\.\Code\User\user_dsp\</path>
         <kind>object</kind>
         <file>user_subband_flow.obj</file>
         <name>user_subband_flow.obj</name>
      </input_file>
      <input_file id="fl-5a">
         <path>C:\Users\zhangyueqian\lab8\DSP_LAB_0507\Debug\.\Code\User\user_dsp\</path>
         <kind>object</kind>
         <file>user_subband_polyphase.obj</file>
         <name>user_subband_polyphase.obj</name>
      </input_file>
      <input_file id="fl-5b">
         <path>C:\Users\zhangyueqian\lab8\DSP_LAB_0507\Debug\.\Code\User\user_dsp\</path>
         <kind>object</kind>
         <file>user_subband_test.obj</file>
         <name>user_subband_test.obj</name>
      </input_file>
      <input_file id="fl-5c">
         <path>C:\Users\zhangyueqian\lab8\DSP_LAB_0507\Debug\.\Code\User\user_dsp\</path>
         <kind>object</kind>
         <file>user_subband_touch_check.obj</file>
         <name>user_subband_touch_check.obj</name>
      </input_file>
      <input_file id="fl-5d">
         <path>C:\Users\zhangyueqian\lab8\DSP_LAB_0507\Debug\.\Code\User\user_dsp\</path>
         <kind>object</kind>
         <file>user_subband_ui.obj</file>
         <name>user_subband_ui.obj</name>
      </input_file>
      <input_file id="fl-5e">
         <path>C:\Users\zhangyueqian\lab8\DSP_LAB_0507\Debug\.\Code\User\user_dsp\</path>
         <kind>object</kind>
         <file>user_subband_ui_font.obj</file>
         <name>user_subband_ui_font.obj</name>
      </input_file>
      <input_file id="fl-5f">
         <path>C:\Users\zhangyueqian\lab8\DSP_LAB_0507\Debug\.\Code\User\user_dsp\</path>
         <kind>object</kind>
         <file>user_subband_ui_logic.obj</file>
         <name>user_subband_ui_logic.obj</name>
      </input_file>
      <input_file id="fl-60">
         <path>C:\Users\zhangyueqian\lab8\DSP_LAB_0507\Debug\.\Code\User\user_dsp\</path>
         <kind>object</kind>
         <file>user_subband_wola.obj</file>
         <name>user_subband_wola.obj</name>
      </input_file>
      <input_file id="fl-61">
         <path>C:\Users\zhangyueqian\lab8\DSP_LAB_0507\Debug\.\Code\</path>
         <kind>object</kind>
         <file>main.obj</file>
         <name>main.obj</name>
      </input_file>
      <input_file id="fl-62">
         <path>C:\Users\zhangyueqian\lab8\DSP_LAB_0507\Debug\.\Library\StarterWare\Grlib\fonts\</path>
         <kind>object</kind>
         <file>fontcm12.obj</file>
         <name>fontcm12.obj</name>
      </input_file>
      <input_file id="fl-63">
         <path>C:\Users\zhangyueqian\lab8\DSP_LAB_0507\Debug\.\Library\StarterWare\Grlib\fonts\</path>
         <kind>object</kind>
         <file>fontcm12b.obj</file>
         <name>fontcm12b.obj</name>
      </input_file>
      <input_file id="fl-64">
         <path>C:\Users\zhangyueqian\lab8\DSP_LAB_0507\Debug\.\Library\StarterWare\Grlib\fonts\</path>
         <kind>object</kind>
         <file>fontcm12i.obj</file>
         <name>fontcm12i.obj</name>
      </input_file>
      <input_file id="fl-65">
         <path>C:\Users\zhangyueqian\lab8\DSP_LAB_0507\Debug\.\Library\StarterWare\Grlib\fonts\</path>
         <kind>object</kind>
         <file>fontcm14.obj</file>
         <name>fontcm14.obj</name>
      </input_file>
      <input_file id="fl-66">
         <path>C:\Users\zhangyueqian\lab8\DSP_LAB_0507\Debug\.\Library\StarterWare\Grlib\fonts\</path>
         <kind>object</kind>
         <file>fontcm14b.obj</file>
         <name>fontcm14b.obj</name>
      </input_file>
      <input_file id="fl-67">
         <path>C:\Users\zhangyueqian\lab8\DSP_LAB_0507\Debug\.\Library\StarterWare\Grlib\fonts\</path>
         <kind>object</kind>
         <file>fontcm14i.obj</file>
         <name>fontcm14i.obj</name>
      </input_file>
      <input_file id="fl-68">
         <path>C:\Users\zhangyueqian\lab8\DSP_LAB_0507\Debug\.\Library\StarterWare\Grlib\fonts\</path>
         <kind>object</kind>
         <file>fontcm16.obj</file>
         <name>fontcm16.obj</name>
      </input_file>
      <input_file id="fl-69">
         <path>C:\Users\zhangyueqian\lab8\DSP_LAB_0507\Debug\.\Library\StarterWare\Grlib\fonts\</path>
         <kind>object</kind>
         <file>fontcm16b.obj</file>
         <name>fontcm16b.obj</name>
      </input_file>
      <input_file id="fl-6a">
         <path>C:\Users\zhangyueqian\lab8\DSP_LAB_0507\Debug\.\Library\StarterWare\Grlib\fonts\</path>
         <kind>object</kind>
         <file>fontcm16i.obj</file>
         <name>fontcm16i.obj</name>
      </input_file>
      <input_file id="fl-6b">
         <path>C:\Users\zhangyueqian\lab8\DSP_LAB_0507\Debug\.\Library\StarterWare\Grlib\fonts\</path>
         <kind>object</kind>
         <file>fontcm18.obj</file>
         <name>fontcm18.obj</name>
      </input_file>
      <input_file id="fl-6c">
         <path>C:\Users\zhangyueqian\lab8\DSP_LAB_0507\Debug\.\Library\StarterWare\Grlib\fonts\</path>
         <kind>object</kind>
         <file>fontcm18b.obj</file>
         <name>fontcm18b.obj</name>
      </input_file>
      <input_file id="fl-6d">
         <path>C:\Users\zhangyueqian\lab8\DSP_LAB_0507\Debug\.\Library\StarterWare\Grlib\fonts\</path>
         <kind>object</kind>
         <file>fontcm18i.obj</file>
         <name>fontcm18i.obj</name>
      </input_file>
      <input_file id="fl-6e">
         <path>C:\Users\zhangyueqian\lab8\DSP_LAB_0507\Debug\.\Library\StarterWare\Grlib\fonts\</path>
         <kind>object</kind>
         <file>fontcm20.obj</file>
         <name>fontcm20.obj</name>
      </input_file>
      <input_file id="fl-6f">
         <path>C:\Users\zhangyueqian\lab8\DSP_LAB_0507\Debug\.\Library\StarterWare\Grlib\fonts\</path>
         <kind>object</kind>
         <file>fontcm20b.obj</file>
         <name>fontcm20b.obj</name>
      </input_file>
      <input_file id="fl-70">
         <path>C:\Users\zhangyueqian\lab8\DSP_LAB_0507\Debug\.\Library\StarterWare\Grlib\fonts\</path>
         <kind>object</kind>
         <file>fontcm20i.obj</file>
         <name>fontcm20i.obj</name>
      </input_file>
      <input_file id="fl-71">
         <path>C:\Users\zhangyueqian\lab8\DSP_LAB_0507\Debug\.\Library\StarterWare\Grlib\fonts\</path>
         <kind>object</kind>
         <file>fontcm22.obj</file>
         <name>fontcm22.obj</name>
      </input_file>
      <input_file id="fl-72">
         <path>C:\Users\zhangyueqian\lab8\DSP_LAB_0507\Debug\.\Library\StarterWare\Grlib\fonts\</path>
         <kind>object</kind>
         <file>fontcm22b.obj</file>
         <name>fontcm22b.obj</name>
      </input_file>
      <input_file id="fl-73">
         <path>C:\Users\zhangyueqian\lab8\DSP_LAB_0507\Debug\.\Library\StarterWare\Grlib\fonts\</path>
         <kind>object</kind>
         <file>fontcm22i.obj</file>
         <name>fontcm22i.obj</name>
      </input_file>
      <input_file id="fl-74">
         <path>C:\Users\zhangyueqian\lab8\DSP_LAB_0507\Debug\.\Library\StarterWare\Grlib\fonts\</path>
         <kind>object</kind>
         <file>fontcm24.obj</file>
         <name>fontcm24.obj</name>
      </input_file>
      <input_file id="fl-75">
         <path>C:\Users\zhangyueqian\lab8\DSP_LAB_0507\Debug\.\Library\StarterWare\Grlib\fonts\</path>
         <kind>object</kind>
         <file>fontcm24b.obj</file>
         <name>fontcm24b.obj</name>
      </input_file>
      <input_file id="fl-76">
         <path>C:\Users\zhangyueqian\lab8\DSP_LAB_0507\Debug\.\Library\StarterWare\Grlib\fonts\</path>
         <kind>object</kind>
         <file>fontcm24i.obj</file>
         <name>fontcm24i.obj</name>
      </input_file>
      <input_file id="fl-77">
         <path>C:\Users\zhangyueqian\lab8\DSP_LAB_0507\Debug\.\Library\StarterWare\Grlib\fonts\</path>
         <kind>object</kind>
         <file>fontcm26.obj</file>
         <name>fontcm26.obj</name>
      </input_file>
      <input_file id="fl-78">
         <path>C:\Users\zhangyueqian\lab8\DSP_LAB_0507\Debug\.\Library\StarterWare\Grlib\fonts\</path>
         <kind>object</kind>
         <file>fontcm26b.obj</file>
         <name>fontcm26b.obj</name>
      </input_file>
      <input_file id="fl-79">
         <path>C:\Users\zhangyueqian\lab8\DSP_LAB_0507\Debug\.\Library\StarterWare\Grlib\fonts\</path>
         <kind>object</kind>
         <file>fontcm26i.obj</file>
         <name>fontcm26i.obj</name>
      </input_file>
      <input_file id="fl-7a">
         <path>C:\Users\zhangyueqian\lab8\DSP_LAB_0507\Debug\.\Library\StarterWare\Grlib\fonts\</path>
         <kind>object</kind>
         <file>fontcm28.obj</file>
         <name>fontcm28.obj</name>
      </input_file>
      <input_file id="fl-7b">
         <path>C:\Users\zhangyueqian\lab8\DSP_LAB_0507\Debug\.\Library\StarterWare\Grlib\fonts\</path>
         <kind>object</kind>
         <file>fontcm28b.obj</file>
         <name>fontcm28b.obj</name>
      </input_file>
      <input_file id="fl-7c">
         <path>C:\Users\zhangyueqian\lab8\DSP_LAB_0507\Debug\.\Library\StarterWare\Grlib\fonts\</path>
         <kind>object</kind>
         <file>fontcm28i.obj</file>
         <name>fontcm28i.obj</name>
      </input_file>
      <input_file id="fl-7d">
         <path>C:\Users\zhangyueqian\lab8\DSP_LAB_0507\Debug\.\Library\StarterWare\Grlib\fonts\</path>
         <kind>object</kind>
         <file>fontcm30.obj</file>
         <name>fontcm30.obj</name>
      </input_file>
      <input_file id="fl-7e">
         <path>C:\Users\zhangyueqian\lab8\DSP_LAB_0507\Debug\.\Library\StarterWare\Grlib\fonts\</path>
         <kind>object</kind>
         <file>fontcm30b.obj</file>
         <name>fontcm30b.obj</name>
      </input_file>
      <input_file id="fl-7f">
         <path>C:\Users\zhangyueqian\lab8\DSP_LAB_0507\Debug\.\Library\StarterWare\Grlib\fonts\</path>
         <kind>object</kind>
         <file>fontcm30i.obj</file>
         <name>fontcm30i.obj</name>
      </input_file>
      <input_file id="fl-80">
         <path>C:\Users\zhangyueqian\lab8\DSP_LAB_0507\Debug\.\Library\StarterWare\Grlib\fonts\</path>
         <kind>object</kind>
         <file>fontcm32.obj</file>
         <name>fontcm32.obj</name>
      </input_file>
      <input_file id="fl-81">
         <path>C:\Users\zhangyueqian\lab8\DSP_LAB_0507\Debug\.\Library\StarterWare\Grlib\fonts\</path>
         <kind>object</kind>
         <file>fontcm32b.obj</file>
         <name>fontcm32b.obj</name>
      </input_file>
      <input_file id="fl-82">
         <path>C:\Users\zhangyueqian\lab8\DSP_LAB_0507\Debug\.\Library\StarterWare\Grlib\fonts\</path>
         <kind>object</kind>
         <file>fontcm32i.obj</file>
         <name>fontcm32i.obj</name>
      </input_file>
      <input_file id="fl-83">
         <path>C:\Users\zhangyueqian\lab8\DSP_LAB_0507\Debug\.\Library\StarterWare\Grlib\fonts\</path>
         <kind>object</kind>
         <file>fontcm34.obj</file>
         <name>fontcm34.obj</name>
      </input_file>
      <input_file id="fl-84">
         <path>C:\Users\zhangyueqian\lab8\DSP_LAB_0507\Debug\.\Library\StarterWare\Grlib\fonts\</path>
         <kind>object</kind>
         <file>fontcm34b.obj</file>
         <name>fontcm34b.obj</name>
      </input_file>
      <input_file id="fl-85">
         <path>C:\Users\zhangyueqian\lab8\DSP_LAB_0507\Debug\.\Library\StarterWare\Grlib\fonts\</path>
         <kind>object</kind>
         <file>fontcm34i.obj</file>
         <name>fontcm34i.obj</name>
      </input_file>
      <input_file id="fl-86">
         <path>C:\Users\zhangyueqian\lab8\DSP_LAB_0507\Debug\.\Library\StarterWare\Grlib\fonts\</path>
         <kind>object</kind>
         <file>fontcm36.obj</file>
         <name>fontcm36.obj</name>
      </input_file>
      <input_file id="fl-87">
         <path>C:\Users\zhangyueqian\lab8\DSP_LAB_0507\Debug\.\Library\StarterWare\Grlib\fonts\</path>
         <kind>object</kind>
         <file>fontcm36b.obj</file>
         <name>fontcm36b.obj</name>
      </input_file>
      <input_file id="fl-88">
         <path>C:\Users\zhangyueqian\lab8\DSP_LAB_0507\Debug\.\Library\StarterWare\Grlib\fonts\</path>
         <kind>object</kind>
         <file>fontcm36i.obj</file>
         <name>fontcm36i.obj</name>
      </input_file>
      <input_file id="fl-89">
         <path>C:\Users\zhangyueqian\lab8\DSP_LAB_0507\Debug\.\Library\StarterWare\Grlib\fonts\</path>
         <kind>object</kind>
         <file>fontcm38.obj</file>
         <name>fontcm38.obj</name>
      </input_file>
      <input_file id="fl-8a">
         <path>C:\Users\zhangyueqian\lab8\DSP_LAB_0507\Debug\.\Library\StarterWare\Grlib\fonts\</path>
         <kind>object</kind>
         <file>fontcm38b.obj</file>
         <name>fontcm38b.obj</name>
      </input_file>
      <input_file id="fl-8b">
         <path>C:\Users\zhangyueqian\lab8\DSP_LAB_0507\Debug\.\Library\StarterWare\Grlib\fonts\</path>
         <kind>object</kind>
         <file>fontcm38i.obj</file>
         <name>fontcm38i.obj</name>
      </input_file>
      <input_file id="fl-8c">
         <path>C:\Users\zhangyueqian\lab8\DSP_LAB_0507\Debug\.\Library\StarterWare\Grlib\fonts\</path>
         <kind>object</kind>
         <file>fontcm40.obj</file>
         <name>fontcm40.obj</name>
      </input_file>
      <input_file id="fl-8d">
         <path>C:\Users\zhangyueqian\lab8\DSP_LAB_0507\Debug\.\Library\StarterWare\Grlib\fonts\</path>
         <kind>object</kind>
         <file>fontcm40b.obj</file>
         <name>fontcm40b.obj</name>
      </input_file>
      <input_file id="fl-8e">
         <path>C:\Users\zhangyueqian\lab8\DSP_LAB_0507\Debug\.\Library\StarterWare\Grlib\fonts\</path>
         <kind>object</kind>
         <file>fontcm40i.obj</file>
         <name>fontcm40i.obj</name>
      </input_file>
      <input_file id="fl-8f">
         <path>C:\Users\zhangyueqian\lab8\DSP_LAB_0507\Debug\.\Library\StarterWare\Grlib\fonts\</path>
         <kind>object</kind>
         <file>fontcm42.obj</file>
         <name>fontcm42.obj</name>
      </input_file>
      <input_file id="fl-90">
         <path>C:\Users\zhangyueqian\lab8\DSP_LAB_0507\Debug\.\Library\StarterWare\Grlib\fonts\</path>
         <kind>object</kind>
         <file>fontcm42b.obj</file>
         <name>fontcm42b.obj</name>
      </input_file>
      <input_file id="fl-91">
         <path>C:\Users\zhangyueqian\lab8\DSP_LAB_0507\Debug\.\Library\StarterWare\Grlib\fonts\</path>
         <kind>object</kind>
         <file>fontcm42i.obj</file>
         <name>fontcm42i.obj</name>
      </input_file>
      <input_file id="fl-92">
         <path>C:\Users\zhangyueqian\lab8\DSP_LAB_0507\Debug\.\Library\StarterWare\Grlib\fonts\</path>
         <kind>object</kind>
         <file>fontcm44.obj</file>
         <name>fontcm44.obj</name>
      </input_file>
      <input_file id="fl-93">
         <path>C:\Users\zhangyueqian\lab8\DSP_LAB_0507\Debug\.\Library\StarterWare\Grlib\fonts\</path>
         <kind>object</kind>
         <file>fontcm44b.obj</file>
         <name>fontcm44b.obj</name>
      </input_file>
      <input_file id="fl-94">
         <path>C:\Users\zhangyueqian\lab8\DSP_LAB_0507\Debug\.\Library\StarterWare\Grlib\fonts\</path>
         <kind>object</kind>
         <file>fontcm44i.obj</file>
         <name>fontcm44i.obj</name>
      </input_file>
      <input_file id="fl-95">
         <path>C:\Users\zhangyueqian\lab8\DSP_LAB_0507\Debug\.\Library\StarterWare\Grlib\fonts\</path>
         <kind>object</kind>
         <file>fontcm46.obj</file>
         <name>fontcm46.obj</name>
      </input_file>
      <input_file id="fl-96">
         <path>C:\Users\zhangyueqian\lab8\DSP_LAB_0507\Debug\.\Library\StarterWare\Grlib\fonts\</path>
         <kind>object</kind>
         <file>fontcm46b.obj</file>
         <name>fontcm46b.obj</name>
      </input_file>
      <input_file id="fl-97">
         <path>C:\Users\zhangyueqian\lab8\DSP_LAB_0507\Debug\.\Library\StarterWare\Grlib\fonts\</path>
         <kind>object</kind>
         <file>fontcm46i.obj</file>
         <name>fontcm46i.obj</name>
      </input_file>
      <input_file id="fl-98">
         <path>C:\Users\zhangyueqian\lab8\DSP_LAB_0507\Debug\.\Library\StarterWare\Grlib\fonts\</path>
         <kind>object</kind>
         <file>fontcm48.obj</file>
         <name>fontcm48.obj</name>
      </input_file>
      <input_file id="fl-99">
         <path>C:\Users\zhangyueqian\lab8\DSP_LAB_0507\Debug\.\Library\StarterWare\Grlib\fonts\</path>
         <kind>object</kind>
         <file>fontcm48b.obj</file>
         <name>fontcm48b.obj</name>
      </input_file>
      <input_file id="fl-9a">
         <path>C:\Users\zhangyueqian\lab8\DSP_LAB_0507\Debug\.\Library\StarterWare\Grlib\fonts\</path>
         <kind>object</kind>
         <file>fontcm48i.obj</file>
         <name>fontcm48i.obj</name>
      </input_file>
      <input_file id="fl-9b">
         <path>C:\Users\zhangyueqian\lab8\DSP_LAB_0507\Debug\.\Library\StarterWare\Grlib\fonts\</path>
         <kind>object</kind>
         <file>fontcmsc12.obj</file>
         <name>fontcmsc12.obj</name>
      </input_file>
      <input_file id="fl-9c">
         <path>C:\Users\zhangyueqian\lab8\DSP_LAB_0507\Debug\.\Library\StarterWare\Grlib\fonts\</path>
         <kind>object</kind>
         <file>fontcmsc14.obj</file>
         <name>fontcmsc14.obj</name>
      </input_file>
      <input_file id="fl-9d">
         <path>C:\Users\zhangyueqian\lab8\DSP_LAB_0507\Debug\.\Library\StarterWare\Grlib\fonts\</path>
         <kind>object</kind>
         <file>fontcmsc16.obj</file>
         <name>fontcmsc16.obj</name>
      </input_file>
      <input_file id="fl-9e">
         <path>C:\Users\zhangyueqian\lab8\DSP_LAB_0507\Debug\.\Library\StarterWare\Grlib\fonts\</path>
         <kind>object</kind>
         <file>fontcmsc18.obj</file>
         <name>fontcmsc18.obj</name>
      </input_file>
      <input_file id="fl-9f">
         <path>C:\Users\zhangyueqian\lab8\DSP_LAB_0507\Debug\.\Library\StarterWare\Grlib\fonts\</path>
         <kind>object</kind>
         <file>fontcmsc20.obj</file>
         <name>fontcmsc20.obj</name>
      </input_file>
      <input_file id="fl-a0">
         <path>C:\Users\zhangyueqian\lab8\DSP_LAB_0507\Debug\.\Library\StarterWare\Grlib\fonts\</path>
         <kind>object</kind>
         <file>fontcmsc22.obj</file>
         <name>fontcmsc22.obj</name>
      </input_file>
      <input_file id="fl-a1">
         <path>C:\Users\zhangyueqian\lab8\DSP_LAB_0507\Debug\.\Library\StarterWare\Grlib\fonts\</path>
         <kind>object</kind>
         <file>fontcmsc24.obj</file>
         <name>fontcmsc24.obj</name>
      </input_file>
      <input_file id="fl-a2">
         <path>C:\Users\zhangyueqian\lab8\DSP_LAB_0507\Debug\.\Library\StarterWare\Grlib\fonts\</path>
         <kind>object</kind>
         <file>fontcmsc26.obj</file>
         <name>fontcmsc26.obj</name>
      </input_file>
      <input_file id="fl-a3">
         <path>C:\Users\zhangyueqian\lab8\DSP_LAB_0507\Debug\.\Library\StarterWare\Grlib\fonts\</path>
         <kind>object</kind>
         <file>fontcmsc28.obj</file>
         <name>fontcmsc28.obj</name>
      </input_file>
      <input_file id="fl-a4">
         <path>C:\Users\zhangyueqian\lab8\DSP_LAB_0507\Debug\.\Library\StarterWare\Grlib\fonts\</path>
         <kind>object</kind>
         <file>fontcmsc30.obj</file>
         <name>fontcmsc30.obj</name>
      </input_file>
      <input_file id="fl-a5">
         <path>C:\Users\zhangyueqian\lab8\DSP_LAB_0507\Debug\.\Library\StarterWare\Grlib\fonts\</path>
         <kind>object</kind>
         <file>fontcmsc32.obj</file>
         <name>fontcmsc32.obj</name>
      </input_file>
      <input_file id="fl-a6">
         <path>C:\Users\zhangyueqian\lab8\DSP_LAB_0507\Debug\.\Library\StarterWare\Grlib\fonts\</path>
         <kind>object</kind>
         <file>fontcmsc34.obj</file>
         <name>fontcmsc34.obj</name>
      </input_file>
      <input_file id="fl-a7">
         <path>C:\Users\zhangyueqian\lab8\DSP_LAB_0507\Debug\.\Library\StarterWare\Grlib\fonts\</path>
         <kind>object</kind>
         <file>fontcmsc36.obj</file>
         <name>fontcmsc36.obj</name>
      </input_file>
      <input_file id="fl-a8">
         <path>C:\Users\zhangyueqian\lab8\DSP_LAB_0507\Debug\.\Library\StarterWare\Grlib\fonts\</path>
         <kind>object</kind>
         <file>fontcmsc38.obj</file>
         <name>fontcmsc38.obj</name>
      </input_file>
      <input_file id="fl-a9">
         <path>C:\Users\zhangyueqian\lab8\DSP_LAB_0507\Debug\.\Library\StarterWare\Grlib\fonts\</path>
         <kind>object</kind>
         <file>fontcmsc40.obj</file>
         <name>fontcmsc40.obj</name>
      </input_file>
      <input_file id="fl-aa">
         <path>C:\Users\zhangyueqian\lab8\DSP_LAB_0507\Debug\.\Library\StarterWare\Grlib\fonts\</path>
         <kind>object</kind>
         <file>fontcmsc42.obj</file>
         <name>fontcmsc42.obj</name>
      </input_file>
      <input_file id="fl-ab">
         <path>C:\Users\zhangyueqian\lab8\DSP_LAB_0507\Debug\.\Library\StarterWare\Grlib\fonts\</path>
         <kind>object</kind>
         <file>fontcmsc44.obj</file>
         <name>fontcmsc44.obj</name>
      </input_file>
      <input_file id="fl-ac">
         <path>C:\Users\zhangyueqian\lab8\DSP_LAB_0507\Debug\.\Library\StarterWare\Grlib\fonts\</path>
         <kind>object</kind>
         <file>fontcmsc46.obj</file>
         <name>fontcmsc46.obj</name>
      </input_file>
      <input_file id="fl-ad">
         <path>C:\Users\zhangyueqian\lab8\DSP_LAB_0507\Debug\.\Library\StarterWare\Grlib\fonts\</path>
         <kind>object</kind>
         <file>fontcmsc48.obj</file>
         <name>fontcmsc48.obj</name>
      </input_file>
      <input_file id="fl-ae">
         <path>C:\Users\zhangyueqian\lab8\DSP_LAB_0507\Debug\.\Library\StarterWare\Grlib\fonts\</path>
         <kind>object</kind>
         <file>fontcmss12.obj</file>
         <name>fontcmss12.obj</name>
      </input_file>
      <input_file id="fl-af">
         <path>C:\Users\zhangyueqian\lab8\DSP_LAB_0507\Debug\.\Library\StarterWare\Grlib\fonts\</path>
         <kind>object</kind>
         <file>fontcmss12b.obj</file>
         <name>fontcmss12b.obj</name>
      </input_file>
      <input_file id="fl-b0">
         <path>C:\Users\zhangyueqian\lab8\DSP_LAB_0507\Debug\.\Library\StarterWare\Grlib\fonts\</path>
         <kind>object</kind>
         <file>fontcmss12i.obj</file>
         <name>fontcmss12i.obj</name>
      </input_file>
      <input_file id="fl-b1">
         <path>C:\Users\zhangyueqian\lab8\DSP_LAB_0507\Debug\.\Library\StarterWare\Grlib\fonts\</path>
         <kind>object</kind>
         <file>fontcmss14.obj</file>
         <name>fontcmss14.obj</name>
      </input_file>
      <input_file id="fl-b2">
         <path>C:\Users\zhangyueqian\lab8\DSP_LAB_0507\Debug\.\Library\StarterWare\Grlib\fonts\</path>
         <kind>object</kind>
         <file>fontcmss14b.obj</file>
         <name>fontcmss14b.obj</name>
      </input_file>
      <input_file id="fl-b3">
         <path>C:\Users\zhangyueqian\lab8\DSP_LAB_0507\Debug\.\Library\StarterWare\Grlib\fonts\</path>
         <kind>object</kind>
         <file>fontcmss14i.obj</file>
         <name>fontcmss14i.obj</name>
      </input_file>
      <input_file id="fl-b4">
         <path>C:\Users\zhangyueqian\lab8\DSP_LAB_0507\Debug\.\Library\StarterWare\Grlib\fonts\</path>
         <kind>object</kind>
         <file>fontcmss16.obj</file>
         <name>fontcmss16.obj</name>
      </input_file>
      <input_file id="fl-b5">
         <path>C:\Users\zhangyueqian\lab8\DSP_LAB_0507\Debug\.\Library\StarterWare\Grlib\fonts\</path>
         <kind>object</kind>
         <file>fontcmss16b.obj</file>
         <name>fontcmss16b.obj</name>
      </input_file>
      <input_file id="fl-b6">
         <path>C:\Users\zhangyueqian\lab8\DSP_LAB_0507\Debug\.\Library\StarterWare\Grlib\fonts\</path>
         <kind>object</kind>
         <file>fontcmss16i.obj</file>
         <name>fontcmss16i.obj</name>
      </input_file>
      <input_file id="fl-b7">
         <path>C:\Users\zhangyueqian\lab8\DSP_LAB_0507\Debug\.\Library\StarterWare\Grlib\fonts\</path>
         <kind>object</kind>
         <file>fontcmss18.obj</file>
         <name>fontcmss18.obj</name>
      </input_file>
      <input_file id="fl-b8">
         <path>C:\Users\zhangyueqian\lab8\DSP_LAB_0507\Debug\.\Library\StarterWare\Grlib\fonts\</path>
         <kind>object</kind>
         <file>fontcmss18b.obj</file>
         <name>fontcmss18b.obj</name>
      </input_file>
      <input_file id="fl-b9">
         <path>C:\Users\zhangyueqian\lab8\DSP_LAB_0507\Debug\.\Library\StarterWare\Grlib\fonts\</path>
         <kind>object</kind>
         <file>fontcmss18i.obj</file>
         <name>fontcmss18i.obj</name>
      </input_file>
      <input_file id="fl-ba">
         <path>C:\Users\zhangyueqian\lab8\DSP_LAB_0507\Debug\.\Library\StarterWare\Grlib\fonts\</path>
         <kind>object</kind>
         <file>fontcmss20.obj</file>
         <name>fontcmss20.obj</name>
      </input_file>
      <input_file id="fl-bb">
         <path>C:\Users\zhangyueqian\lab8\DSP_LAB_0507\Debug\.\Library\StarterWare\Grlib\fonts\</path>
         <kind>object</kind>
         <file>fontcmss20b.obj</file>
         <name>fontcmss20b.obj</name>
      </input_file>
      <input_file id="fl-bc">
         <path>C:\Users\zhangyueqian\lab8\DSP_LAB_0507\Debug\.\Library\StarterWare\Grlib\fonts\</path>
         <kind>object</kind>
         <file>fontcmss20i.obj</file>
         <name>fontcmss20i.obj</name>
      </input_file>
      <input_file id="fl-bd">
         <path>C:\Users\zhangyueqian\lab8\DSP_LAB_0507\Debug\.\Library\StarterWare\Grlib\fonts\</path>
         <kind>object</kind>
         <file>fontcmss22.obj</file>
         <name>fontcmss22.obj</name>
      </input_file>
      <input_file id="fl-be">
         <path>C:\Users\zhangyueqian\lab8\DSP_LAB_0507\Debug\.\Library\StarterWare\Grlib\fonts\</path>
         <kind>object</kind>
         <file>fontcmss22b.obj</file>
         <name>fontcmss22b.obj</name>
      </input_file>
      <input_file id="fl-bf">
         <path>C:\Users\zhangyueqian\lab8\DSP_LAB_0507\Debug\.\Library\StarterWare\Grlib\fonts\</path>
         <kind>object</kind>
         <file>fontcmss22i.obj</file>
         <name>fontcmss22i.obj</name>
      </input_file>
      <input_file id="fl-c0">
         <path>C:\Users\zhangyueqian\lab8\DSP_LAB_0507\Debug\.\Library\StarterWare\Grlib\fonts\</path>
         <kind>object</kind>
         <file>fontcmss24.obj</file>
         <name>fontcmss24.obj</name>
      </input_file>
      <input_file id="fl-c1">
         <path>C:\Users\zhangyueqian\lab8\DSP_LAB_0507\Debug\.\Library\StarterWare\Grlib\fonts\</path>
         <kind>object</kind>
         <file>fontcmss24b.obj</file>
         <name>fontcmss24b.obj</name>
      </input_file>
      <input_file id="fl-c2">
         <path>C:\Users\zhangyueqian\lab8\DSP_LAB_0507\Debug\.\Library\StarterWare\Grlib\fonts\</path>
         <kind>object</kind>
         <file>fontcmss24i.obj</file>
         <name>fontcmss24i.obj</name>
      </input_file>
      <input_file id="fl-c3">
         <path>C:\Users\zhangyueqian\lab8\DSP_LAB_0507\Debug\.\Library\StarterWare\Grlib\fonts\</path>
         <kind>object</kind>
         <file>fontcmss26.obj</file>
         <name>fontcmss26.obj</name>
      </input_file>
      <input_file id="fl-c4">
         <path>C:\Users\zhangyueqian\lab8\DSP_LAB_0507\Debug\.\Library\StarterWare\Grlib\fonts\</path>
         <kind>object</kind>
         <file>fontcmss26b.obj</file>
         <name>fontcmss26b.obj</name>
      </input_file>
      <input_file id="fl-c5">
         <path>C:\Users\zhangyueqian\lab8\DSP_LAB_0507\Debug\.\Library\StarterWare\Grlib\fonts\</path>
         <kind>object</kind>
         <file>fontcmss26i.obj</file>
         <name>fontcmss26i.obj</name>
      </input_file>
      <input_file id="fl-c6">
         <path>C:\Users\zhangyueqian\lab8\DSP_LAB_0507\Debug\.\Library\StarterWare\Grlib\fonts\</path>
         <kind>object</kind>
         <file>fontcmss28.obj</file>
         <name>fontcmss28.obj</name>
      </input_file>
      <input_file id="fl-c7">
         <path>C:\Users\zhangyueqian\lab8\DSP_LAB_0507\Debug\.\Library\StarterWare\Grlib\fonts\</path>
         <kind>object</kind>
         <file>fontcmss28b.obj</file>
         <name>fontcmss28b.obj</name>
      </input_file>
      <input_file id="fl-c8">
         <path>C:\Users\zhangyueqian\lab8\DSP_LAB_0507\Debug\.\Library\StarterWare\Grlib\fonts\</path>
         <kind>object</kind>
         <file>fontcmss28i.obj</file>
         <name>fontcmss28i.obj</name>
      </input_file>
      <input_file id="fl-c9">
         <path>C:\Users\zhangyueqian\lab8\DSP_LAB_0507\Debug\.\Library\StarterWare\Grlib\fonts\</path>
         <kind>object</kind>
         <file>fontcmss30.obj</file>
         <name>fontcmss30.obj</name>
      </input_file>
      <input_file id="fl-ca">
         <path>C:\Users\zhangyueqian\lab8\DSP_LAB_0507\Debug\.\Library\StarterWare\Grlib\fonts\</path>
         <kind>object</kind>
         <file>fontcmss30b.obj</file>
         <name>fontcmss30b.obj</name>
      </input_file>
      <input_file id="fl-cb">
         <path>C:\Users\zhangyueqian\lab8\DSP_LAB_0507\Debug\.\Library\StarterWare\Grlib\fonts\</path>
         <kind>object</kind>
         <file>fontcmss30i.obj</file>
         <name>fontcmss30i.obj</name>
      </input_file>
      <input_file id="fl-cc">
         <path>C:\Users\zhangyueqian\lab8\DSP_LAB_0507\Debug\.\Library\StarterWare\Grlib\fonts\</path>
         <kind>object</kind>
         <file>fontcmss32.obj</file>
         <name>fontcmss32.obj</name>
      </input_file>
      <input_file id="fl-cd">
         <path>C:\Users\zhangyueqian\lab8\DSP_LAB_0507\Debug\.\Library\StarterWare\Grlib\fonts\</path>
         <kind>object</kind>
         <file>fontcmss32b.obj</file>
         <name>fontcmss32b.obj</name>
      </input_file>
      <input_file id="fl-ce">
         <path>C:\Users\zhangyueqian\lab8\DSP_LAB_0507\Debug\.\Library\StarterWare\Grlib\fonts\</path>
         <kind>object</kind>
         <file>fontcmss32i.obj</file>
         <name>fontcmss32i.obj</name>
      </input_file>
      <input_file id="fl-cf">
         <path>C:\Users\zhangyueqian\lab8\DSP_LAB_0507\Debug\.\Library\StarterWare\Grlib\fonts\</path>
         <kind>object</kind>
         <file>fontcmss34.obj</file>
         <name>fontcmss34.obj</name>
      </input_file>
      <input_file id="fl-d0">
         <path>C:\Users\zhangyueqian\lab8\DSP_LAB_0507\Debug\.\Library\StarterWare\Grlib\fonts\</path>
         <kind>object</kind>
         <file>fontcmss34b.obj</file>
         <name>fontcmss34b.obj</name>
      </input_file>
      <input_file id="fl-d1">
         <path>C:\Users\zhangyueqian\lab8\DSP_LAB_0507\Debug\.\Library\StarterWare\Grlib\fonts\</path>
         <kind>object</kind>
         <file>fontcmss34i.obj</file>
         <name>fontcmss34i.obj</name>
      </input_file>
      <input_file id="fl-d2">
         <path>C:\Users\zhangyueqian\lab8\DSP_LAB_0507\Debug\.\Library\StarterWare\Grlib\fonts\</path>
         <kind>object</kind>
         <file>fontcmss36.obj</file>
         <name>fontcmss36.obj</name>
      </input_file>
      <input_file id="fl-d3">
         <path>C:\Users\zhangyueqian\lab8\DSP_LAB_0507\Debug\.\Library\StarterWare\Grlib\fonts\</path>
         <kind>object</kind>
         <file>fontcmss36b.obj</file>
         <name>fontcmss36b.obj</name>
      </input_file>
      <input_file id="fl-d4">
         <path>C:\Users\zhangyueqian\lab8\DSP_LAB_0507\Debug\.\Library\StarterWare\Grlib\fonts\</path>
         <kind>object</kind>
         <file>fontcmss36i.obj</file>
         <name>fontcmss36i.obj</name>
      </input_file>
      <input_file id="fl-d5">
         <path>C:\Users\zhangyueqian\lab8\DSP_LAB_0507\Debug\.\Library\StarterWare\Grlib\fonts\</path>
         <kind>object</kind>
         <file>fontcmss38.obj</file>
         <name>fontcmss38.obj</name>
      </input_file>
      <input_file id="fl-d6">
         <path>C:\Users\zhangyueqian\lab8\DSP_LAB_0507\Debug\.\Library\StarterWare\Grlib\fonts\</path>
         <kind>object</kind>
         <file>fontcmss38b.obj</file>
         <name>fontcmss38b.obj</name>
      </input_file>
      <input_file id="fl-d7">
         <path>C:\Users\zhangyueqian\lab8\DSP_LAB_0507\Debug\.\Library\StarterWare\Grlib\fonts\</path>
         <kind>object</kind>
         <file>fontcmss38i.obj</file>
         <name>fontcmss38i.obj</name>
      </input_file>
      <input_file id="fl-d8">
         <path>C:\Users\zhangyueqian\lab8\DSP_LAB_0507\Debug\.\Library\StarterWare\Grlib\fonts\</path>
         <kind>object</kind>
         <file>fontcmss40.obj</file>
         <name>fontcmss40.obj</name>
      </input_file>
      <input_file id="fl-d9">
         <path>C:\Users\zhangyueqian\lab8\DSP_LAB_0507\Debug\.\Library\StarterWare\Grlib\fonts\</path>
         <kind>object</kind>
         <file>fontcmss40b.obj</file>
         <name>fontcmss40b.obj</name>
      </input_file>
      <input_file id="fl-da">
         <path>C:\Users\zhangyueqian\lab8\DSP_LAB_0507\Debug\.\Library\StarterWare\Grlib\fonts\</path>
         <kind>object</kind>
         <file>fontcmss40i.obj</file>
         <name>fontcmss40i.obj</name>
      </input_file>
      <input_file id="fl-db">
         <path>C:\Users\zhangyueqian\lab8\DSP_LAB_0507\Debug\.\Library\StarterWare\Grlib\fonts\</path>
         <kind>object</kind>
         <file>fontcmss42.obj</file>
         <name>fontcmss42.obj</name>
      </input_file>
      <input_file id="fl-dc">
         <path>C:\Users\zhangyueqian\lab8\DSP_LAB_0507\Debug\.\Library\StarterWare\Grlib\fonts\</path>
         <kind>object</kind>
         <file>fontcmss42b.obj</file>
         <name>fontcmss42b.obj</name>
      </input_file>
      <input_file id="fl-dd">
         <path>C:\Users\zhangyueqian\lab8\DSP_LAB_0507\Debug\.\Library\StarterWare\Grlib\fonts\</path>
         <kind>object</kind>
         <file>fontcmss42i.obj</file>
         <name>fontcmss42i.obj</name>
      </input_file>
      <input_file id="fl-de">
         <path>C:\Users\zhangyueqian\lab8\DSP_LAB_0507\Debug\.\Library\StarterWare\Grlib\fonts\</path>
         <kind>object</kind>
         <file>fontcmss44.obj</file>
         <name>fontcmss44.obj</name>
      </input_file>
      <input_file id="fl-df">
         <path>C:\Users\zhangyueqian\lab8\DSP_LAB_0507\Debug\.\Library\StarterWare\Grlib\fonts\</path>
         <kind>object</kind>
         <file>fontcmss44b.obj</file>
         <name>fontcmss44b.obj</name>
      </input_file>
      <input_file id="fl-e0">
         <path>C:\Users\zhangyueqian\lab8\DSP_LAB_0507\Debug\.\Library\StarterWare\Grlib\fonts\</path>
         <kind>object</kind>
         <file>fontcmss44i.obj</file>
         <name>fontcmss44i.obj</name>
      </input_file>
      <input_file id="fl-e1">
         <path>C:\Users\zhangyueqian\lab8\DSP_LAB_0507\Debug\.\Library\StarterWare\Grlib\fonts\</path>
         <kind>object</kind>
         <file>fontcmss46.obj</file>
         <name>fontcmss46.obj</name>
      </input_file>
      <input_file id="fl-e2">
         <path>C:\Users\zhangyueqian\lab8\DSP_LAB_0507\Debug\.\Library\StarterWare\Grlib\fonts\</path>
         <kind>object</kind>
         <file>fontcmss46b.obj</file>
         <name>fontcmss46b.obj</name>
      </input_file>
      <input_file id="fl-e3">
         <path>C:\Users\zhangyueqian\lab8\DSP_LAB_0507\Debug\.\Library\StarterWare\Grlib\fonts\</path>
         <kind>object</kind>
         <file>fontcmss46i.obj</file>
         <name>fontcmss46i.obj</name>
      </input_file>
      <input_file id="fl-e4">
         <path>C:\Users\zhangyueqian\lab8\DSP_LAB_0507\Debug\.\Library\StarterWare\Grlib\fonts\</path>
         <kind>object</kind>
         <file>fontcmss48.obj</file>
         <name>fontcmss48.obj</name>
      </input_file>
      <input_file id="fl-e5">
         <path>C:\Users\zhangyueqian\lab8\DSP_LAB_0507\Debug\.\Library\StarterWare\Grlib\fonts\</path>
         <kind>object</kind>
         <file>fontcmss48b.obj</file>
         <name>fontcmss48b.obj</name>
      </input_file>
      <input_file id="fl-e6">
         <path>C:\Users\zhangyueqian\lab8\DSP_LAB_0507\Debug\.\Library\StarterWare\Grlib\fonts\</path>
         <kind>object</kind>
         <file>fontcmss48i.obj</file>
         <name>fontcmss48i.obj</name>
      </input_file>
      <input_file id="fl-e7">
         <path>C:\Users\zhangyueqian\lab8\DSP_LAB_0507\Debug\.\Library\StarterWare\Grlib\fonts\</path>
         <kind>object</kind>
         <file>fontcmtt12.obj</file>
         <name>fontcmtt12.obj</name>
      </input_file>
      <input_file id="fl-e8">
         <path>C:\Users\zhangyueqian\lab8\DSP_LAB_0507\Debug\.\Library\StarterWare\Grlib\fonts\</path>
         <kind>object</kind>
         <file>fontcmtt14.obj</file>
         <name>fontcmtt14.obj</name>
      </input_file>
      <input_file id="fl-e9">
         <path>C:\Users\zhangyueqian\lab8\DSP_LAB_0507\Debug\.\Library\StarterWare\Grlib\fonts\</path>
         <kind>object</kind>
         <file>fontcmtt16.obj</file>
         <name>fontcmtt16.obj</name>
      </input_file>
      <input_file id="fl-ea">
         <path>C:\Users\zhangyueqian\lab8\DSP_LAB_0507\Debug\.\Library\StarterWare\Grlib\fonts\</path>
         <kind>object</kind>
         <file>fontcmtt18.obj</file>
         <name>fontcmtt18.obj</name>
      </input_file>
      <input_file id="fl-eb">
         <path>C:\Users\zhangyueqian\lab8\DSP_LAB_0507\Debug\.\Library\StarterWare\Grlib\fonts\</path>
         <kind>object</kind>
         <file>fontcmtt20.obj</file>
         <name>fontcmtt20.obj</name>
      </input_file>
      <input_file id="fl-ec">
         <path>C:\Users\zhangyueqian\lab8\DSP_LAB_0507\Debug\.\Library\StarterWare\Grlib\fonts\</path>
         <kind>object</kind>
         <file>fontcmtt22.obj</file>
         <name>fontcmtt22.obj</name>
      </input_file>
      <input_file id="fl-ed">
         <path>C:\Users\zhangyueqian\lab8\DSP_LAB_0507\Debug\.\Library\StarterWare\Grlib\fonts\</path>
         <kind>object</kind>
         <file>fontcmtt24.obj</file>
         <name>fontcmtt24.obj</name>
      </input_file>
      <input_file id="fl-ee">
         <path>C:\Users\zhangyueqian\lab8\DSP_LAB_0507\Debug\.\Library\StarterWare\Grlib\fonts\</path>
         <kind>object</kind>
         <file>fontcmtt26.obj</file>
         <name>fontcmtt26.obj</name>
      </input_file>
      <input_file id="fl-ef">
         <path>C:\Users\zhangyueqian\lab8\DSP_LAB_0507\Debug\.\Library\StarterWare\Grlib\fonts\</path>
         <kind>object</kind>
         <file>fontcmtt28.obj</file>
         <name>fontcmtt28.obj</name>
      </input_file>
      <input_file id="fl-f0">
         <path>C:\Users\zhangyueqian\lab8\DSP_LAB_0507\Debug\.\Library\StarterWare\Grlib\fonts\</path>
         <kind>object</kind>
         <file>fontcmtt30.obj</file>
         <name>fontcmtt30.obj</name>
      </input_file>
      <input_file id="fl-f1">
         <path>C:\Users\zhangyueqian\lab8\DSP_LAB_0507\Debug\.\Library\StarterWare\Grlib\fonts\</path>
         <kind>object</kind>
         <file>fontcmtt32.obj</file>
         <name>fontcmtt32.obj</name>
      </input_file>
      <input_file id="fl-f2">
         <path>C:\Users\zhangyueqian\lab8\DSP_LAB_0507\Debug\.\Library\StarterWare\Grlib\fonts\</path>
         <kind>object</kind>
         <file>fontcmtt34.obj</file>
         <name>fontcmtt34.obj</name>
      </input_file>
      <input_file id="fl-f3">
         <path>C:\Users\zhangyueqian\lab8\DSP_LAB_0507\Debug\.\Library\StarterWare\Grlib\fonts\</path>
         <kind>object</kind>
         <file>fontcmtt36.obj</file>
         <name>fontcmtt36.obj</name>
      </input_file>
      <input_file id="fl-f4">
         <path>C:\Users\zhangyueqian\lab8\DSP_LAB_0507\Debug\.\Library\StarterWare\Grlib\fonts\</path>
         <kind>object</kind>
         <file>fontcmtt38.obj</file>
         <name>fontcmtt38.obj</name>
      </input_file>
      <input_file id="fl-f5">
         <path>C:\Users\zhangyueqian\lab8\DSP_LAB_0507\Debug\.\Library\StarterWare\Grlib\fonts\</path>
         <kind>object</kind>
         <file>fontcmtt40.obj</file>
         <name>fontcmtt40.obj</name>
      </input_file>
      <input_file id="fl-f6">
         <path>C:\Users\zhangyueqian\lab8\DSP_LAB_0507\Debug\.\Library\StarterWare\Grlib\fonts\</path>
         <kind>object</kind>
         <file>fontcmtt42.obj</file>
         <name>fontcmtt42.obj</name>
      </input_file>
      <input_file id="fl-f7">
         <path>C:\Users\zhangyueqian\lab8\DSP_LAB_0507\Debug\.\Library\StarterWare\Grlib\fonts\</path>
         <kind>object</kind>
         <file>fontcmtt44.obj</file>
         <name>fontcmtt44.obj</name>
      </input_file>
      <input_file id="fl-f8">
         <path>C:\Users\zhangyueqian\lab8\DSP_LAB_0507\Debug\.\Library\StarterWare\Grlib\fonts\</path>
         <kind>object</kind>
         <file>fontcmtt46.obj</file>
         <name>fontcmtt46.obj</name>
      </input_file>
      <input_file id="fl-f9">
         <path>C:\Users\zhangyueqian\lab8\DSP_LAB_0507\Debug\.\Library\StarterWare\Grlib\fonts\</path>
         <kind>object</kind>
         <file>fontcmtt48.obj</file>
         <name>fontcmtt48.obj</name>
      </input_file>
      <input_file id="fl-fa">
         <path>C:\Users\zhangyueqian\lab8\DSP_LAB_0507\Debug\.\Library\StarterWare\Grlib\fonts\</path>
         <kind>object</kind>
         <file>fontfixed6x8.obj</file>
         <name>fontfixed6x8.obj</name>
      </input_file>
      <input_file id="fl-107">
         <path>C:\Users\zhangyueqian\lab8\DSP_LAB_0507\Debug\</path>
         <kind>object</kind>
         <file>&lt;internal&gt;</file>
         <name>&lt;internal&gt;</name>
      </input_file>
      <input_file id="fl-108">
         <path>C:\Users\zhangyueqian\lab8\DSP_LAB_0507\Debug\..\Library\StarterWare\Drivers\Debug\</path>
         <kind>archive</kind>
         <file>drivers.lib</file>
         <name>uart.obj</name>
      </input_file>
      <input_file id="fl-109">
         <path>C:\Users\zhangyueqian\lab8\DSP_LAB_0507\Debug\..\Library\StarterWare\Drivers\Debug\</path>
         <kind>archive</kind>
         <file>drivers.lib</file>
         <name>timer.obj</name>
      </input_file>
      <input_file id="fl-10a">
         <path>C:\Users\zhangyueqian\lab8\DSP_LAB_0507\Debug\..\Library\StarterWare\Drivers\Debug\</path>
         <kind>archive</kind>
         <file>drivers.lib</file>
         <name>spi.obj</name>
      </input_file>
      <input_file id="fl-10b">
         <path>C:\Users\zhangyueqian\lab8\DSP_LAB_0507\Debug\..\Library\StarterWare\Drivers\Debug\</path>
         <kind>archive</kind>
         <file>drivers.lib</file>
         <name>raster.obj</name>
      </input_file>
      <input_file id="fl-10c">
         <path>C:\Users\zhangyueqian\lab8\DSP_LAB_0507\Debug\..\Library\StarterWare\Drivers\Debug\</path>
         <kind>archive</kind>
         <file>drivers.lib</file>
         <name>psc.obj</name>
      </input_file>
      <input_file id="fl-10d">
         <path>C:\Users\zhangyueqian\lab8\DSP_LAB_0507\Debug\..\Library\StarterWare\Drivers\Debug\</path>
         <kind>archive</kind>
         <file>drivers.lib</file>
         <name>pru.obj</name>
      </input_file>
      <input_file id="fl-10e">
         <path>C:\Users\zhangyueqian\lab8\DSP_LAB_0507\Debug\..\Library\StarterWare\Drivers\Debug\</path>
         <kind>archive</kind>
         <file>drivers.lib</file>
         <name>i2c.obj</name>
      </input_file>
      <input_file id="fl-10f">
         <path>C:\Users\zhangyueqian\lab8\DSP_LAB_0507\Debug\..\Library\StarterWare\Drivers\Debug\</path>
         <kind>archive</kind>
         <file>drivers.lib</file>
         <name>gpio.obj</name>
      </input_file>
      <input_file id="fl-110">
         <path>C:\Users\zhangyueqian\lab8\DSP_LAB_0507\Debug\..\Library\StarterWare\Drivers\Debug\</path>
         <kind>archive</kind>
         <file>drivers.lib</file>
         <name>emifa.obj</name>
      </input_file>
      <input_file id="fl-111">
         <path>C:\Users\zhangyueqian\lab8\DSP_LAB_0507\Debug\..\Library\StarterWare\Drivers\Debug\</path>
         <kind>archive</kind>
         <file>drivers.lib</file>
         <name>edma.obj</name>
      </input_file>
      <input_file id="fl-112">
         <path>C:\Users\zhangyueqian\lab8\DSP_LAB_0507\Debug\..\Library\StarterWare\Grlib\Debug\</path>
         <kind>archive</kind>
         <file>grlib.lib</file>
         <name>widget.obj</name>
      </input_file>
      <input_file id="fl-113">
         <path>C:\Users\zhangyueqian\lab8\DSP_LAB_0507\Debug\..\Library\StarterWare\Grlib\Debug\</path>
         <kind>archive</kind>
         <file>grlib.lib</file>
         <name>string.obj</name>
      </input_file>
      <input_file id="fl-114">
         <path>C:\Users\zhangyueqian\lab8\DSP_LAB_0507\Debug\..\Library\StarterWare\Grlib\Debug\</path>
         <kind>archive</kind>
         <file>grlib.lib</file>
         <name>rectangle.obj</name>
      </input_file>
      <input_file id="fl-115">
         <path>C:\Users\zhangyueqian\lab8\DSP_LAB_0507\Debug\..\Library\StarterWare\Grlib\Debug\</path>
         <kind>archive</kind>
         <file>grlib.lib</file>
         <name>pushbutton.obj</name>
      </input_file>
      <input_file id="fl-116">
         <path>C:\Users\zhangyueqian\lab8\DSP_LAB_0507\Debug\..\Library\StarterWare\Grlib\Debug\</path>
         <kind>archive</kind>
         <file>grlib.lib</file>
         <name>offscr16bpp.obj</name>
      </input_file>
      <input_file id="fl-117">
         <path>C:\Users\zhangyueqian\lab8\DSP_LAB_0507\Debug\..\Library\StarterWare\Grlib\Debug\</path>
         <kind>archive</kind>
         <file>grlib.lib</file>
         <name>line.obj</name>
      </input_file>
      <input_file id="fl-118">
         <path>C:\Users\zhangyueqian\lab8\DSP_LAB_0507\Debug\..\Library\StarterWare\Grlib\Debug\</path>
         <kind>archive</kind>
         <file>grlib.lib</file>
         <name>image.obj</name>
      </input_file>
      <input_file id="fl-119">
         <path>C:\Users\zhangyueqian\lab8\DSP_LAB_0507\Debug\..\Library\StarterWare\Grlib\Debug\</path>
         <kind>archive</kind>
         <file>grlib.lib</file>
         <name>context.obj</name>
      </input_file>
      <input_file id="fl-11a">
         <path>C:\Users\zhangyueqian\lab8\DSP_LAB_0507\Debug\..\Library\StarterWare\Grlib\Debug\</path>
         <kind>archive</kind>
         <file>grlib.lib</file>
         <name>container.obj</name>
      </input_file>
      <input_file id="fl-11b">
         <path>C:\Users\zhangyueqian\lab8\DSP_LAB_0507\Debug\..\Library\StarterWare\Grlib\Debug\</path>
         <kind>archive</kind>
         <file>grlib.lib</file>
         <name>circle.obj</name>
      </input_file>
      <input_file id="fl-11c">
         <path>C:\Users\zhangyueqian\lab8\DSP_LAB_0507\Debug\..\Library\StarterWare\Grlib\Debug\</path>
         <kind>archive</kind>
         <file>grlib.lib</file>
         <name>canvas.obj</name>
      </input_file>
      <input_file id="fl-11d">
         <path>C:\Users\zhangyueqian\lab8\DSP_LAB_0507\Debug\..\Library\StarterWare\SystemConfig\Debug\</path>
         <kind>archive</kind>
         <file>system_config.lib</file>
         <name>interrupt.obj</name>
      </input_file>
      <input_file id="fl-11e">
         <path>C:\Users\zhangyueqian\lab8\DSP_LAB_0507\Debug\..\Library\StarterWare\SystemConfig\Debug\</path>
         <kind>archive</kind>
         <file>system_config.lib</file>
         <name>intvecs.obj</name>
      </input_file>
      <input_file id="fl-11f">
         <path>C:\Users\zhangyueqian\lab8\DSP_LAB_0507\Debug\..\Library\StarterWare\Utils\Debug\</path>
         <kind>archive</kind>
         <file>utils.lib</file>
         <name>uartStdio.obj</name>
      </input_file>
      <input_file id="fl-120">
         <path>C:\Users\zhangyueqian\lab8\DSP_LAB_0507\Debug\..\Library\StarterWare\Utils\Debug\</path>
         <kind>archive</kind>
         <file>utils.lib</file>
         <name>delay.obj</name>
      </input_file>
      <input_file id="fl-13a">
         <path>D:\SoftwareDownload\CCS_20.5.0.00028_win\ccs\tools\compiler\ti-cgt-c6000_8.5.0.LTS\lib\</path>
         <kind>archive</kind>
         <file>rts6740_elf.lib</file>
         <name>sprintf.c.obj</name>
      </input_file>
      <input_file id="fl-13b">
         <path>D:\SoftwareDownload\CCS_20.5.0.00028_win\ccs\tools\compiler\ti-cgt-c6000_8.5.0.LTS\lib\</path>
         <kind>archive</kind>
         <file>rts6740_elf.lib</file>
         <name>divi.asm.obj</name>
      </input_file>
      <input_file id="fl-13c">
         <path>D:\SoftwareDownload\CCS_20.5.0.00028_win\ccs\tools\compiler\ti-cgt-c6000_8.5.0.LTS\lib\</path>
         <kind>archive</kind>
         <file>rts6740_elf.lib</file>
         <name>divu.asm.obj</name>
      </input_file>
      <input_file id="fl-13d">
         <path>D:\SoftwareDownload\CCS_20.5.0.00028_win\ccs\tools\compiler\ti-cgt-c6000_8.5.0.LTS\lib\</path>
         <kind>archive</kind>
         <file>rts6740_elf.lib</file>
         <name>memcpy64.asm.obj</name>
      </input_file>
      <input_file id="fl-13e">
         <path>D:\SoftwareDownload\CCS_20.5.0.00028_win\ccs\tools\compiler\ti-cgt-c6000_8.5.0.LTS\lib\</path>
         <kind>archive</kind>
         <file>rts6740_elf.lib</file>
         <name>remi.asm.obj</name>
      </input_file>
      <input_file id="fl-13f">
         <path>D:\SoftwareDownload\CCS_20.5.0.00028_win\ccs\tools\compiler\ti-cgt-c6000_8.5.0.LTS\lib\</path>
         <kind>archive</kind>
         <file>rts6740_elf.lib</file>
         <name>remu.asm.obj</name>
      </input_file>
      <input_file id="fl-140">
         <path>D:\SoftwareDownload\CCS_20.5.0.00028_win\ccs\tools\compiler\ti-cgt-c6000_8.5.0.LTS\lib\</path>
         <kind>archive</kind>
         <file>rts6740_elf.lib</file>
         <name>strasg.asm.obj</name>
      </input_file>
      <input_file id="fl-141">
         <path>D:\SoftwareDownload\CCS_20.5.0.00028_win\ccs\tools\compiler\ti-cgt-c6000_8.5.0.LTS\lib\</path>
         <kind>archive</kind>
         <file>rts6740_elf.lib</file>
         <name>boot.c.obj</name>
      </input_file>
      <input_file id="fl-142">
         <path>D:\SoftwareDownload\CCS_20.5.0.00028_win\ccs\tools\compiler\ti-cgt-c6000_8.5.0.LTS\lib\</path>
         <kind>archive</kind>
         <file>rts6740_elf.lib</file>
         <name>imath64.c.obj</name>
      </input_file>
      <input_file id="fl-143">
         <path>D:\SoftwareDownload\CCS_20.5.0.00028_win\ccs\tools\compiler\ti-cgt-c6000_8.5.0.LTS\lib\</path>
         <kind>archive</kind>
         <file>rts6740_elf.lib</file>
         <name>llshift.c.obj</name>
      </input_file>
      <input_file id="fl-144">
         <path>D:\SoftwareDownload\CCS_20.5.0.00028_win\ccs\tools\compiler\ti-cgt-c6000_8.5.0.LTS\lib\</path>
         <kind>archive</kind>
         <file>rts6740_elf.lib</file>
         <name>memset.c.obj</name>
      </input_file>
      <input_file id="fl-145">
         <path>D:\SoftwareDownload\CCS_20.5.0.00028_win\ccs\tools\compiler\ti-cgt-c6000_8.5.0.LTS\lib\</path>
         <kind>archive</kind>
         <file>rts6740_elf.lib</file>
         <name>autoinit.c.obj</name>
      </input_file>
      <input_file id="fl-146">
         <path>D:\SoftwareDownload\CCS_20.5.0.00028_win\ccs\tools\compiler\ti-cgt-c6000_8.5.0.LTS\lib\</path>
         <kind>archive</kind>
         <file>rts6740_elf.lib</file>
         <name>pre_init.c.obj</name>
      </input_file>
      <input_file id="fl-147">
         <path>D:\SoftwareDownload\CCS_20.5.0.00028_win\ccs\tools\compiler\ti-cgt-c6000_8.5.0.LTS\lib\</path>
         <kind>archive</kind>
         <file>rts6740_elf.lib</file>
         <name>startup.c.obj</name>
      </input_file>
      <input_file id="fl-148">
         <path>D:\SoftwareDownload\CCS_20.5.0.00028_win\ccs\tools\compiler\ti-cgt-c6000_8.5.0.LTS\lib\</path>
         <kind>archive</kind>
         <file>rts6740_elf.lib</file>
         <name>cpy_tbl.c.obj</name>
      </input_file>
      <input_file id="fl-149">
         <path>D:\SoftwareDownload\CCS_20.5.0.00028_win\ccs\tools\compiler\ti-cgt-c6000_8.5.0.LTS\lib\</path>
         <kind>archive</kind>
         <file>rts6740_elf.lib</file>
         <name>copy_zero_init.c.obj</name>
      </input_file>
      <input_file id="fl-14a">
         <path>D:\SoftwareDownload\CCS_20.5.0.00028_win\ccs\tools\compiler\ti-cgt-c6000_8.5.0.LTS\lib\</path>
         <kind>archive</kind>
         <file>rts6740_elf.lib</file>
         <name>copy_decompress_none.c.obj</name>
      </input_file>
      <input_file id="fl-14b">
         <path>D:\SoftwareDownload\CCS_20.5.0.00028_win\ccs\tools\compiler\ti-cgt-c6000_8.5.0.LTS\lib\</path>
         <kind>archive</kind>
         <file>rts6740_elf.lib</file>
         <name>copy_decompress_rle.c.obj</name>
      </input_file>
      <input_file id="fl-14c">
         <path>D:\SoftwareDownload\CCS_20.5.0.00028_win\ccs\tools\compiler\ti-cgt-c6000_8.5.0.LTS\lib\</path>
         <kind>archive</kind>
         <file>rts6740_elf.lib</file>
         <name>cosf.c.obj</name>
      </input_file>
      <input_file id="fl-14d">
         <path>D:\SoftwareDownload\CCS_20.5.0.00028_win\ccs\tools\compiler\ti-cgt-c6000_8.5.0.LTS\lib\</path>
         <kind>archive</kind>
         <file>rts6740_elf.lib</file>
         <name>expf.c.obj</name>
      </input_file>
      <input_file id="fl-14e">
         <path>D:\SoftwareDownload\CCS_20.5.0.00028_win\ccs\tools\compiler\ti-cgt-c6000_8.5.0.LTS\lib\</path>
         <kind>archive</kind>
         <file>rts6740_elf.lib</file>
         <name>ldexpf.c.obj</name>
      </input_file>
      <input_file id="fl-14f">
         <path>D:\SoftwareDownload\CCS_20.5.0.00028_win\ccs\tools\compiler\ti-cgt-c6000_8.5.0.LTS\lib\</path>
         <kind>archive</kind>
         <file>rts6740_elf.lib</file>
         <name>log10f.c.obj</name>
      </input_file>
      <input_file id="fl-150">
         <path>D:\SoftwareDownload\CCS_20.5.0.00028_win\ccs\tools\compiler\ti-cgt-c6000_8.5.0.LTS\lib\</path>
         <kind>archive</kind>
         <file>rts6740_elf.lib</file>
         <name>logf.c.obj</name>
      </input_file>
      <input_file id="fl-151">
         <path>D:\SoftwareDownload\CCS_20.5.0.00028_win\ccs\tools\compiler\ti-cgt-c6000_8.5.0.LTS\lib\</path>
         <kind>archive</kind>
         <file>rts6740_elf.lib</file>
         <name>modff.c.obj</name>
      </input_file>
      <input_file id="fl-152">
         <path>D:\SoftwareDownload\CCS_20.5.0.00028_win\ccs\tools\compiler\ti-cgt-c6000_8.5.0.LTS\lib\</path>
         <kind>archive</kind>
         <file>rts6740_elf.lib</file>
         <name>powf.c.obj</name>
      </input_file>
      <input_file id="fl-153">
         <path>D:\SoftwareDownload\CCS_20.5.0.00028_win\ccs\tools\compiler\ti-cgt-c6000_8.5.0.LTS\lib\</path>
         <kind>archive</kind>
         <file>rts6740_elf.lib</file>
         <name>roundf.c.obj</name>
      </input_file>
      <input_file id="fl-154">
         <path>D:\SoftwareDownload\CCS_20.5.0.00028_win\ccs\tools\compiler\ti-cgt-c6000_8.5.0.LTS\lib\</path>
         <kind>archive</kind>
         <file>rts6740_elf.lib</file>
         <name>sinf.c.obj</name>
      </input_file>
      <input_file id="fl-155">
         <path>D:\SoftwareDownload\CCS_20.5.0.00028_win\ccs\tools\compiler\ti-cgt-c6000_8.5.0.LTS\lib\</path>
         <kind>archive</kind>
         <file>rts6740_elf.lib</file>
         <name>sinhf.c.obj</name>
      </input_file>
      <input_file id="fl-156">
         <path>D:\SoftwareDownload\CCS_20.5.0.00028_win\ccs\tools\compiler\ti-cgt-c6000_8.5.0.LTS\lib\</path>
         <kind>archive</kind>
         <file>rts6740_elf.lib</file>
         <name>sqrtf.c.obj</name>
      </input_file>
      <input_file id="fl-157">
         <path>D:\SoftwareDownload\CCS_20.5.0.00028_win\ccs\tools\compiler\ti-cgt-c6000_8.5.0.LTS\lib\</path>
         <kind>archive</kind>
         <file>rts6740_elf.lib</file>
         <name>truncf.c.obj</name>
      </input_file>
      <input_file id="fl-158">
         <path>D:\SoftwareDownload\CCS_20.5.0.00028_win\ccs\tools\compiler\ti-cgt-c6000_8.5.0.LTS\lib\</path>
         <kind>archive</kind>
         <file>rts6740_elf.lib</file>
         <name>atan2.c.obj</name>
      </input_file>
      <input_file id="fl-159">
         <path>D:\SoftwareDownload\CCS_20.5.0.00028_win\ccs\tools\compiler\ti-cgt-c6000_8.5.0.LTS\lib\</path>
         <kind>archive</kind>
         <file>rts6740_elf.lib</file>
         <name>cos.c.obj</name>
      </input_file>
      <input_file id="fl-15a">
         <path>D:\SoftwareDownload\CCS_20.5.0.00028_win\ccs\tools\compiler\ti-cgt-c6000_8.5.0.LTS\lib\</path>
         <kind>archive</kind>
         <file>rts6740_elf.lib</file>
         <name>frexp.c.obj</name>
      </input_file>
      <input_file id="fl-15b">
         <path>D:\SoftwareDownload\CCS_20.5.0.00028_win\ccs\tools\compiler\ti-cgt-c6000_8.5.0.LTS\lib\</path>
         <kind>archive</kind>
         <file>rts6740_elf.lib</file>
         <name>modf.c.obj</name>
      </input_file>
      <input_file id="fl-15c">
         <path>D:\SoftwareDownload\CCS_20.5.0.00028_win\ccs\tools\compiler\ti-cgt-c6000_8.5.0.LTS\lib\</path>
         <kind>archive</kind>
         <file>rts6740_elf.lib</file>
         <name>pow.c.obj</name>
      </input_file>
      <input_file id="fl-15d">
         <path>D:\SoftwareDownload\CCS_20.5.0.00028_win\ccs\tools\compiler\ti-cgt-c6000_8.5.0.LTS\lib\</path>
         <kind>archive</kind>
         <file>rts6740_elf.lib</file>
         <name>round.c.obj</name>
      </input_file>
      <input_file id="fl-15e">
         <path>D:\SoftwareDownload\CCS_20.5.0.00028_win\ccs\tools\compiler\ti-cgt-c6000_8.5.0.LTS\lib\</path>
         <kind>archive</kind>
         <file>rts6740_elf.lib</file>
         <name>sin.c.obj</name>
      </input_file>
      <input_file id="fl-15f">
         <path>D:\SoftwareDownload\CCS_20.5.0.00028_win\ccs\tools\compiler\ti-cgt-c6000_8.5.0.LTS\lib\</path>
         <kind>archive</kind>
[...]
      <symbol id="sm-1335">
         <name>NumLeadingZeros</name>
         <value>0xc00cc100</value>
         <object_component_ref idref="oc-381"/>
      </symbol>
      <symbol id="sm-1336">
         <name>GrStringGet</name>
         <value>0xc00cc9b8</value>
         <object_component_ref idref="oc-381"/>
      </symbol>
      <symbol id="sm-1337">
         <name>GrStringLanguageSet</name>
         <value>0xc00cc934</value>
         <object_component_ref idref="oc-381"/>
      </symbol>
      <symbol id="sm-1338">
         <name>GrStringDraw</name>
         <value>0xc00cc258</value>
         <object_component_ref idref="oc-381"/>
      </symbol>
      <symbol id="sm-1339">
         <name>GrStringWidthGet</name>
         <value>0xc00cc164</value>
         <object_component_ref idref="oc-381"/>
      </symbol>
      <symbol id="sm-136f">
         <name>GrRectIntersectGet</name>
         <value>0xc00d508c</value>
         <object_component_ref idref="oc-375"/>
      </symbol>
      <symbol id="sm-1370">
         <name>GrRectFill</name>
         <value>0xc00d4e88</value>
         <object_component_ref idref="oc-375"/>
      </symbol>
      <symbol id="sm-1371">
         <name>GrRectOverlapCheck</name>
         <value>0xc00d5024</value>
         <object_component_ref idref="oc-375"/>
      </symbol>
      <symbol id="sm-1372">
         <name>GrRectDraw</name>
         <value>0xc00d4dc0</value>
         <object_component_ref idref="oc-375"/>
      </symbol>
      <symbol id="sm-13f7">
         <name>RectangularButtonMsgProc</name>
         <value>0xc00cb874</value>
         <object_component_ref idref="oc-740"/>
      </symbol>
      <symbol id="sm-13f8">
         <name>RectangularButtonInit</name>
         <value>0xc00cb8d4</value>
         <object_component_ref idref="oc-740"/>
      </symbol>
      <symbol id="sm-13f9">
         <name>CircularButtonMsgProc</name>
         <value>0xc00cbfc0</value>
         <object_component_ref idref="oc-740"/>
      </symbol>
      <symbol id="sm-13fa">
         <name>CircularButtonInit</name>
         <value>0xc00cc010</value>
         <object_component_ref idref="oc-740"/>
      </symbol>
      <symbol id="sm-1450">
         <name>RGB16</name>
         <value>0xc00cf060</value>
         <object_component_ref idref="oc-6bb"/>
      </symbol>
      <symbol id="sm-1451">
         <name>offset</name>
         <value>0xc00bbbaa</value>
         <object_component_ref idref="oc-79a"/>
      </symbol>
      <symbol id="sm-1452">
         <name>GrOffScreen16BPPInit</name>
         <value>0xc00cf864</value>
         <object_component_ref idref="oc-6bb"/>
      </symbol>
      <symbol id="sm-14cb">
         <name>GrLineDrawH</name>
         <value>0xc00d1880</value>
         <object_component_ref idref="oc-387"/>
      </symbol>
      <symbol id="sm-14cc">
         <name>GrLineDrawV</name>
         <value>0xc00d1958</value>
         <object_component_ref idref="oc-387"/>
      </symbol>
      <symbol id="sm-14cd">
         <name>GrLineDraw</name>
         <value>0xc00d1d10</value>
         <object_component_ref idref="oc-387"/>
      </symbol>
      <symbol id="sm-1544">
         <name>GrImageDraw</name>
         <value>0xc00d11c0</value>
         <object_component_ref idref="oc-7cd"/>
      </symbol>
      <symbol id="sm-1554">
         <name>GrContextInit</name>
         <value>0xc00d76a0</value>
         <object_component_ref idref="oc-6c1"/>
      </symbol>
      <symbol id="sm-1555">
         <name>GrContextClipRegionSet</name>
         <value>0xc00d772c</value>
         <object_component_ref idref="oc-6c1"/>
      </symbol>
      <symbol id="sm-1586">
         <name>ContainerMsgProc</name>
         <value>0xc00d48b0</value>
         <object_component_ref idref="oc-7c0"/>
      </symbol>
      <symbol id="sm-1587">
         <name>ContainerInit</name>
         <value>0xc00d48e4</value>
         <object_component_ref idref="oc-7c0"/>
      </symbol>
      <symbol id="sm-16b1">
         <name>GrCircleFill</name>
         <value>0xc00ce3c4</value>
         <object_component_ref idref="oc-7d8"/>
      </symbol>
      <symbol id="sm-16b2">
         <name>GrCircleDraw</name>
         <value>0xc00cdd60</value>
         <object_component_ref idref="oc-7d8"/>
      </symbol>
      <symbol id="sm-16e8">
         <name>CanvasMsgProc</name>
         <value>0xc00d2f30</value>
         <object_component_ref idref="oc-80e"/>
      </symbol>
      <symbol id="sm-16e9">
         <name>CanvasInit</name>
         <value>0xc00d2f64</value>
         <object_component_ref idref="oc-80e"/>
      </symbol>
      <symbol id="sm-1758">
         <name>IntEventCombineRegister</name>
         <value>0xc00d2298</value>
         <object_component_ref idref="oc-3c7"/>
      </symbol>
      <symbol id="sm-1759">
         <name>IntEventMap</name>
         <value>0xc00d1ffc</value>
         <object_component_ref idref="oc-3c7"/>
      </symbol>
      <symbol id="sm-175a">
         <name>_c674x_mask_int9_isr</name>
         <value>0xc00c3dd0</value>
         <object_component_ref idref="oc-5e"/>
      </symbol>
      <symbol id="sm-175b">
         <name>IntUnRegister</name>
         <value>0xc00d1fd4</value>
         <object_component_ref idref="oc-3c7"/>
      </symbol>
      <symbol id="sm-175c">
         <name>IntEnable</name>
         <value>0xc00d22c0</value>
         <object_component_ref idref="oc-3c7"/>
      </symbol>
      <symbol id="sm-175d">
         <name>_c674x_mask_int8_isr</name>
         <value>0xc00c3c08</value>
         <object_component_ref idref="oc-5e"/>
      </symbol>
      <symbol id="sm-175e">
         <name>IntGlobalRestore</name>
         <value>0xc00d2360</value>
         <object_component_ref idref="oc-3c7"/>
      </symbol>
      <symbol id="sm-175f">
         <name>_c674x_mask_int11_isr</name>
         <value>0xc00c4160</value>
         <object_component_ref idref="oc-5e"/>
      </symbol>
      <symbol id="sm-1760">
         <name>IntGlobalEnable</name>
         <value>0xc00d2338</value>
         <object_component_ref idref="oc-3c7"/>
      </symbol>
      <symbol id="sm-1761">
         <name>IntEventClear</name>
         <value>0xc00d20b8</value>
         <object_component_ref idref="oc-3c7"/>
      </symbol>
      <symbol id="sm-1762">
         <name>_c674x_mask_int7_isr</name>
         <value>0xc00c3a44</value>
         <object_component_ref idref="oc-5e"/>
      </symbol>
      <symbol id="sm-1763">
         <name>_c674x_mask_int10_isr</name>
         <value>0xc00c3f98</value>
         <object_component_ref idref="oc-5e"/>
      </symbol>
      <symbol id="sm-1764">
         <name>_c674x_mask_int6_isr</name>
         <value>0xc00c3880</value>
         <object_component_ref idref="oc-5e"/>
      </symbol>
      <symbol id="sm-1765">
         <name>ExcCombineRemove</name>
         <value>0xc00d23e0</value>
         <object_component_ref idref="oc-3c7"/>
      </symbol>
      <symbol id="sm-1766">
         <name>_c674x_mask_int13_isr</name>
         <value>0xc00c44e8</value>
         <object_component_ref idref="oc-5e"/>
      </symbol>
      <symbol id="sm-1767">
         <name>IntDisable</name>
         <value>0xc00d22f0</value>
         <object_component_ref idref="oc-3c7"/>
      </symbol>
      <symbol id="sm-1768">
         <name>IntRegister</name>
         <value>0xc00d1fb0</value>
         <object_component_ref idref="oc-3c7"/>
      </symbol>
      <symbol id="sm-1769">
         <name>ExcCombineAdd</name>
         <value>0xc00d2398</value>
         <object_component_ref idref="oc-3c7"/>
      </symbol>
      <symbol id="sm-176a">
         <name>IntGlobalDisable</name>
         <value>0xc00d234c</value>
         <object_component_ref idref="oc-3c7"/>
      </symbol>
      <symbol id="sm-176b">
         <name>_c674x_rsvd_int3_isr</name>
         <value>0xc00c3328</value>
         <object_component_ref idref="oc-5e"/>
      </symbol>
      <symbol id="sm-176c">
         <name>_c674x_nmi_isr</name>
         <value>0xc00c2fa0</value>
         <object_component_ref idref="oc-5e"/>
      </symbol>
      <symbol id="sm-176d">
         <name>_c674x_mask_int5_isr</name>
         <value>0xc00c36b8</value>
         <object_component_ref idref="oc-5e"/>
      </symbol>
      <symbol id="sm-176e">
         <name>_c674x_mask_int12_isr</name>
         <value>0xc00c4324</value>
         <object_component_ref idref="oc-5e"/>
      </symbol>
      <symbol id="sm-176f">
         <name>ExcGlobalEnable</name>
         <value>0xc00d2378</value>
         <object_component_ref idref="oc-3c7"/>
      </symbol>
      <symbol id="sm-1770">
         <name>_c674x_rsvd_int2_isr</name>
         <value>0xc00c3164</value>
         <object_component_ref idref="oc-5e"/>
      </symbol>
      <symbol id="sm-1771">
         <name>_c674x_mask_int4_isr</name>
         <value>0xc00c34f0</value>
         <object_component_ref idref="oc-5e"/>
      </symbol>
      <symbol id="sm-1772">
         <name>IntDSPINTCInit</name>
         <value>0xc00d1f40</value>
         <object_component_ref idref="oc-3c7"/>
      </symbol>
      <symbol id="sm-1773">
         <name>IntEventCombineInit</name>
         <value>0xc00d20f0</value>
         <object_component_ref idref="oc-3c7"/>
      </symbol>
      <symbol id="sm-1774">
         <name>_c674x_mask_int15_isr</name>
         <value>0xc00c4878</value>
         <object_component_ref idref="oc-5e"/>
      </symbol>
      <symbol id="sm-1775">
         <name>IntEventSet</name>
         <value>0xc00d2084</value>
         <object_component_ref idref="oc-3c7"/>
      </symbol>
      <symbol id="sm-1776">
         <name>IntEventCombineAdd</name>
         <value>0xc00d21f4</value>
         <object_component_ref idref="oc-3c7"/>
      </symbol>
      <symbol id="sm-1777">
         <name>_c674x_mask_int14_isr</name>
         <value>0xc00c46b0</value>
         <object_component_ref idref="oc-5e"/>
      </symbol>
      <symbol id="sm-1778">
         <name>IntEventCombineRemove</name>
         <value>0xc00d2248</value>
         <object_component_ref idref="oc-3c7"/>
      </symbol>
      <symbol id="sm-1779">
         <name>IntReset</name>
         <value>0xc00d2324</value>
         <object_component_ref idref="oc-3c7"/>
      </symbol>
      <symbol id="sm-1781">
         <name>_intcVectorTable</name>
         <value>0xc00d6c00</value>
         <object_component_ref idref="oc-59"/>
      </symbol>
      <symbol id="sm-1795">
         <name>StopTimer</name>
         <value>0xc00d9588</value>
         <object_component_ref idref="oc-3cd"/>
      </symbol>
      <symbol id="sm-1796">
         <name>StartTimer</name>
         <value>0xc00d9578</value>
         <object_component_ref idref="oc-3cd"/>
      </symbol>
      <symbol id="sm-1797">
         <name>delay</name>
         <value>0xc00d956c</value>
         <object_component_ref idref="oc-3cd"/>
      </symbol>
      <symbol id="sm-1798">
         <name>IsTimerElapsed</name>
         <value>0xc00d9594</value>
         <object_component_ref idref="oc-3cd"/>
      </symbol>
      <symbol id="sm-1799">
         <name>DelayTimerSetup</name>
         <value>0xc00d9560</value>
         <object_component_ref idref="oc-3cd"/>
      </symbol>
      <symbol id="sm-17a3">
         <name>__c6xabi_divi</name>
         <value>0xc00d8560</value>
         <object_component_ref idref="oc-32e"/>
      </symbol>
      <symbol id="sm-17a4">
         <name>__divi</name>
         <value>0xc00d8560</value>
         <object_component_ref idref="oc-32e"/>
      </symbol>
      <symbol id="sm-17ad">
         <name>__c6xabi_divu</name>
         <value>0xc00d8b40</value>
         <object_component_ref idref="oc-38d"/>
      </symbol>
      <symbol id="sm-17ae">
         <name>__divu</name>
         <value>0xc00d8b40</value>
         <object_component_ref idref="oc-38d"/>
      </symbol>
      <symbol id="sm-17b7">
         <name>memcpy</name>
         <value>0xc00d92c0</value>
         <object_component_ref idref="oc-67"/>
      </symbol>
      <symbol id="sm-17c1">
         <name>__remu</name>
         <value>0xc00d9040</value>
         <object_component_ref idref="oc-7d3"/>
      </symbol>
      <symbol id="sm-17c2">
         <name>__c6xabi_remu</name>
         <value>0xc00d9040</value>
         <object_component_ref idref="oc-7d3"/>
      </symbol>
      <symbol id="sm-17d9">
         <name>_c_int00</name>
         <value>0xc00d9360</value>
         <object_component_ref idref="oc-53"/>
      </symbol>
      <symbol id="sm-17da">
         <name>_stack</name>
         <value>0xc00e1ed8</value>
         <object_component_ref idref="oc-64"/>
      </symbol>
      <symbol id="sm-17f6">
         <name>_subcull</name>
         <value>0xc00d9440</value>
         <object_component_ref idref="oc-348"/>
      </symbol>
      <symbol id="sm-17f7">
         <name>__c6xabi_divull</name>
         <value>0xc00d6060</value>
         <object_component_ref idref="oc-224"/>
      </symbol>
      <symbol id="sm-1817">
         <name>__c6xabi_llshru</name>
         <value>0xc00d93e0</value>
         <object_component_ref idref="oc-2fb"/>
      </symbol>
      <symbol id="sm-1818">
         <name>__c6xabi_llshl</name>
         <value>0xc00d6b80</value>
         <object_component_ref idref="oc-342"/>
      </symbol>
      <symbol id="sm-1828">
         <name>memset</name>
         <value>0xc00d88e0</value>
         <object_component_ref idref="oc-b4"/>
      </symbol>
      <symbol id="sm-184d">
         <name>__TI_auto_init_nobinit_nopinit</name>
         <value>0xc00d89c0</value>
         <object_component_ref idref="oc-dc"/>
      </symbol>
      <symbol id="sm-1856">
         <name>_system_pre_init</name>
         <value>0xc00d9780</value>
         <object_component_ref idref="oc-97"/>
      </symbol>
      <symbol id="sm-185f">
         <name>_system_post_cinit</name>
         <value>0xc00d9760</value>
         <object_component_ref idref="oc-133"/>
      </symbol>
      <symbol id="sm-1878">
         <name>__TI_decompress_none</name>
         <value>0xc00d97c0</value>
         <object_component_ref idref="oc-46"/>
      </symbol>
      <symbol id="sm-18a3">
         <name>__TI_decompress_rle24</name>
         <value>0xc00d97e0</value>
         <object_component_ref idref="oc-4c"/>
      </symbol>
      <symbol id="sm-18bd">
         <name>cosf</name>
         <value>0xc00d6520</value>
         <object_component_ref idref="oc-31c"/>
      </symbol>
      <symbol id="sm-18e3">
         <name>logf</name>
         <value>0xc00d8240</value>
         <object_component_ref idref="oc-3bb"/>
      </symbol>
      <symbol id="sm-18f0">
         <name>modff</name>
         <value>0xc00d9500</value>
         <object_component_ref idref="oc-4a5"/>
      </symbol>
      <symbol id="sm-18fb">
         <name>__c6xabi_roundf</name>
         <value>0xc00d8fa0</value>
         <object_component_ref idref="oc-49f"/>
      </symbol>
      <symbol id="sm-1912">
         <name>sinf</name>
         <value>0xc00d6980</value>
         <object_component_ref idref="oc-328"/>
      </symbol>
      <symbol id="sm-1923">
         <name>sqrtf</name>
         <value>0xc00d7ea0</value>
         <object_component_ref idref="oc-322"/>
      </symbol>
      <symbol id="sm-192d">
         <name>__c6xabi_truncf</name>
         <value>0xc00d9740</value>
         <object_component_ref idref="oc-499"/>
      </symbol>
      <symbol id="sm-1948">
         <name>cosl</name>
         <value>0xc00d5500</value>
         <object_component_ref idref="oc-20c"/>
      </symbol>
      <symbol id="sm-1949">
         <name>cos</name>
         <value>0xc00d5500</value>
         <object_component_ref idref="oc-20c"/>
      </symbol>
      <symbol id="sm-1958">
         <name>modfl</name>
         <value>0xc00d8d80</value>
         <object_component_ref idref="oc-2f2"/>
      </symbol>
      <symbol id="sm-1959">
         <name>modf</name>
         <value>0xc00d8d80</value>
         <object_component_ref idref="oc-2f2"/>
      </symbol>
      <symbol id="sm-1964">
         <name>__c6xabi_roundl</name>
         <value>0xc00d8a80</value>
         <object_component_ref idref="oc-2ec"/>
      </symbol>
      <symbol id="sm-1965">
         <name>__c6xabi_nround</name>
         <value>0xc00d8a80</value>
         <object_component_ref idref="oc-2ec"/>
      </symbol>
      <symbol id="sm-197d">
         <name>sin</name>
         <value>0xc00d5840</value>
         <object_component_ref idref="oc-200"/>
      </symbol>
      <symbol id="sm-197e">
         <name>sinl</name>
         <value>0xc00d5840</value>
         <object_component_ref idref="oc-200"/>
      </symbol>
      <symbol id="sm-198e">
         <name>__c6xabi_trunc</name>
         <value>0xc00d9720</value>
         <object_component_ref idref="oc-2e6"/>
      </symbol>
      <symbol id="sm-198f">
         <name>__c6xabi_truncl</name>
         <value>0xc00d9720</value>
         <object_component_ref idref="oc-2e6"/>
      </symbol>
      <symbol id="sm-19b0">
         <name>__c6xabi_divd</name>
         <value>0xc00d3b80</value>
         <object_component_ref idref="oc-206"/>
      </symbol>
      <symbol id="sm-19c3">
         <name>__TI_frcmpyd_div</name>
         <value>0xc00d95c0</value>
         <object_component_ref idref="oc-301"/>
      </symbol>
      <symbol id="sm-19d4">
         <name>__c6xabi_divf</name>
         <value>0xc00d6760</value>
         <object_component_ref idref="oc-21e"/>
      </symbol>
      <symbol id="sm-19e3">
         <name>__c6xabi_fixfu</name>
         <value>0xc00d8f00</value>
         <object_component_ref idref="oc-3b5"/>
      </symbol>
      <symbol id="sm-19fc">
         <name>__TI_tls_init</name>
         <value>0xc00d8e40</value>
         <object_component_ref idref="oc-139"/>
      </symbol>
      <symbol id="sm-1a1d">
         <name>C$$EXIT</name>
         <value>0xc00d97a0</value>
         <object_component_ref idref="oc-d3"/>
      </symbol>
      <symbol id="sm-1a1e">
         <name>abort</name>
         <value>0xc00d97a0</value>
         <object_component_ref idref="oc-d3"/>
      </symbol>
      <symbol id="sm-1a1f">
         <name>exit</name>
         <value>0xc00d8720</value>
         <object_component_ref idref="oc-91"/>
      </symbol>
      <symbol id="sm-1a20">
         <name>__TI_dtors_ptr</name>
         <value>0xc00e2ea4</value>
         <object_component_ref idref="oc-d0"/>
      </symbol>
      <symbol id="sm-1a21">
         <name>__TI_cleanup_ptr</name>
         <value>0xc00e2ea0</value>
         <object_component_ref idref="oc-d0"/>
      </symbol>
      <symbol id="sm-1a22">
         <name>__TI_enable_exit_profile_output</name>
         <value>0xc00e2ea8</value>
         <object_component_ref idref="oc-d0"/>
      </symbol>
      <symbol id="sm-1a34">
         <name>_args_main</name>
         <value>0xc00d9600</value>
         <object_component_ref idref="oc-8b"/>
      </symbol>
      <symbol id="sm-1a45">
         <name>__errno</name>
         <value>0xc00e2eac</value>
         <object_component_ref idref="oc-60e"/>
      </symbol>
      <symbol id="sm-1a46">
         <name>errno</name>
         <value>0xc00e2eac</value>
         <object_component_ref idref="oc-60e"/>
      </symbol>
      <symbol id="sm-1a47">
         <name>__c6xabi_errno_addr</name>
         <value>0xc00d9700</value>
         <object_component_ref idref="oc-4ad"/>
      </symbol>
      <symbol id="sm-1a60">
         <name>frexpf</name>
         <value>0xc00d7500</value>
         <object_component_ref idref="oc-567"/>
      </symbol>
      <symbol id="sm-1a6a">
         <name>__TI_STATIC_BASE</name>
         <value>0xc00bb824</value>
      </symbol>
      <symbol id="sm-1a6c">
         <name>__TI_TLS_INIT_Base</name>
         <value>0x0</value>
      </symbol>
      <symbol id="sm-1a6d">
         <name>__TI_TLS_INIT_Limit</name>
         <value>0x0</value>
      </symbol>
   </symbol_table>
   <title>Link successful</title>
</link_info>
